#-----------------------------------------------------------
# Vivado v2019.1 (64-bit)
# SW Build 2552052 on Fri May 24 14:49:42 MDT 2019
# IP Build 2548770 on Fri May 24 18:01:18 MDT 2019
# Start of session at: Sun Mar 14 14:25:12 2021
# Process ID: 11476
# Current directory: C:/embedded/new_vivado_project/cortex_m3_2a-20210219T164022Z-001/cortex_m3_2a/hardware/m3_for_arty_a7/m3_for_arty_a7
# Command line: vivado.exe -gui_launcher_event rodinguilauncherevent2420 C:\embedded\new_vivado_project\cortex_m3_2a-20210219T164022Z-001\cortex_m3_2a\hardware\m3_for_arty_a7\m3_for_arty_a7\m3_for_arty_a7.xpr
# Log file: C:/embedded/new_vivado_project/cortex_m3_2a-20210219T164022Z-001/cortex_m3_2a/hardware/m3_for_arty_a7/m3_for_arty_a7/vivado.log
# Journal file: C:/embedded/new_vivado_project/cortex_m3_2a-20210219T164022Z-001/cortex_m3_2a/hardware/m3_for_arty_a7/m3_for_arty_a7\vivado.jou
#-----------------------------------------------------------
start_gui
open_project C:/embedded/new_vivado_project/cortex_m3_2a-20210219T164022Z-001/cortex_m3_2a/hardware/m3_for_arty_a7/m3_for_arty_a7/m3_for_arty_a7.xpr
update_compile_order -fileset sources_1
launch_simulation
open_wave_config C:/embedded/new_vivado_project/cortex_m3_2a-20210219T164022Z-001/cortex_m3_2a/hardware/m3_for_arty_a7/testbench/wave_files/wave_daplink.wcfg
source tb_m3_for_arty.tcl
run all
close_sim
launch_simulation
open_wave_config C:/embedded/new_vivado_project/cortex_m3_2a-20210219T164022Z-001/cortex_m3_2a/hardware/m3_for_arty_a7/testbench/wave_files/wave_daplink.wcfg
source tb_m3_for_arty.tcl
run all
close_sim
launch_simulation
open_wave_config C:/embedded/new_vivado_project/cortex_m3_2a-20210219T164022Z-001/cortex_m3_2a/hardware/m3_for_arty_a7/testbench/wave_files/wave_daplink.wcfg
source tb_m3_for_arty.tcl
run all
open_bd_design {C:/embedded/new_vivado_project/cortex_m3_2a-20210219T164022Z-001/cortex_m3_2a/hardware/m3_for_arty_a7/block_diagram/m3_for_arty_a7.bd}
close_sim
