Component: ARM Compiler 5.06 update 7 (build 960) Tool: armlink [4d3601]

==============================================================================

Section Cross References

    system_arty_cm3.o(.text) refers to system_arty_cm3.o(.data) for SystemCoreClock
    startup_arty_cm3.o(STACK) refers (Special) to heapauxi.o(.text) for __use_two_region_memory
    startup_arty_cm3.o(HEAP) refers (Special) to heapauxi.o(.text) for __use_two_region_memory
    startup_arty_cm3.o(RESET) refers (Special) to heapauxi.o(.text) for __use_two_region_memory
    startup_arty_cm3.o(RESET) refers to startup_arty_cm3.o(STACK) for __initial_sp
    startup_arty_cm3.o(RESET) refers to startup_arty_cm3.o(.text) for Reset_Handler
    startup_arty_cm3.o(RESET) refers to gpio.o(.text) for GPIO0_Handler
    startup_arty_cm3.o(.text) refers (Special) to heapauxi.o(.text) for __use_two_region_memory
    startup_arty_cm3.o(.text) refers to system_arty_cm3.o(.text) for SystemInit
    startup_arty_cm3.o(.text) refers to __main.o(!!!main) for __main
    startup_arty_cm3.o(.text) refers to startup_arty_cm3.o(HEAP) for Heap_Mem
    startup_arty_cm3.o(.text) refers to startup_arty_cm3.o(STACK) for Stack_Mem
    xil_assert.o(.text) refers to xil_assert.o(.data) for Xil_AssertCallbackRoutine
    main.o(.text) refers to _printf_percent.o(.ARM.Collect$$_printf_percent$$00000000) for _printf_percent
    main.o(.text) refers to _printf_x.o(.ARM.Collect$$_printf_percent$$0000000C) for _printf_x
    main.o(.text) refers to _printf_hex_int.o(.text) for _printf_longlong_hex
    main.o(.text) refers to rt_memcpy_w.o(.text) for __aeabi_memcpy4
    main.o(.text) refers to gpio.o(.text) for InitialiseGPIO
    main.o(.text) refers to print.o(.text) for print
    main.o(.text) refers to strcpy.o(.text) for strcpy
    main.o(.text) refers to noretval__2sprintf.o(.text) for __2sprintf
    main.o(.text) refers to aes_128_cbc.o(.text) for AES_init_ctx_iv
    main.o(.text) refers to main.o(.constdata) for sbox
    atomic.o(.text) refers to atomic_asm.o(.text) for atomic_test
    gpio.o(.text) refers to xgpio_sinit.o(.text) for XGpio_Initialize
    gpio.o(.text) refers to xgpio.o(.text) for XGpio_SetDataDirection
    gpio.o(.text) refers to xgpio_intr.o(.text) for XGpio_InterruptEnable
    gpio.o(.text) refers to gpio.o(.bss) for Gpio_Led_PB
    gpio.o(.text) refers to gpio.o(.data) for button
    xgpio.o(.text) refers to xil_assert.o(.text) for Xil_Assert
    xgpio.o(.text) refers to xil_assert.o(.data) for Xil_AssertStatus
    xgpio.o(.text) refers to xgpio.o(.conststring) for .conststring
    xgpio_extra.o(.text) refers to xil_assert.o(.text) for Xil_Assert
    xgpio_extra.o(.text) refers to xil_assert.o(.data) for Xil_AssertStatus
    xgpio_extra.o(.text) refers to xgpio_extra.o(.conststring) for .conststring
    xgpio_intr.o(.text) refers to xil_assert.o(.text) for Xil_Assert
    xgpio_intr.o(.text) refers to xil_assert.o(.data) for Xil_AssertStatus
    xgpio_intr.o(.text) refers to xgpio_intr.o(.conststring) for .conststring
    xgpio_selftest.o(.text) refers to xil_assert.o(.text) for Xil_Assert
    xgpio_selftest.o(.text) refers to xgpio.o(.text) for XGpio_DiscreteRead
    xgpio_selftest.o(.text) refers to xil_assert.o(.data) for Xil_AssertStatus
    xgpio_selftest.o(.text) refers to xgpio_selftest.o(.conststring) for .conststring
    xgpio_sinit.o(.text) refers to xil_assert.o(.text) for Xil_Assert
    xgpio_sinit.o(.text) refers to xgpio.o(.text) for XGpio_CfgInitialize
    xgpio_sinit.o(.text) refers to xgpio_g.o(.data) for XGpio_ConfigTable
    xgpio_sinit.o(.text) refers to xil_assert.o(.data) for Xil_AssertStatus
    xgpio_sinit.o(.text) refers to xgpio_sinit.o(.conststring) for .conststring
    __2sprintf.o(.text) refers to _printf_char_common.o(.text) for _printf_char_common
    __2sprintf.o(.text) refers to _sputc.o(.text) for _sputc
    noretval__2sprintf.o(.text) refers to _printf_char_common.o(.text) for _printf_char_common
    noretval__2sprintf.o(.text) refers to _sputc.o(.text) for _sputc
    __printf.o(.text) refers to _printf_percent.o(.ARM.Collect$$_printf_percent$$00000000) for _printf_percent
    _printf_hex_ll.o(.text) refers to _printf_intcommon.o(.text) for _printf_int_common
    _printf_hex_ll.o(.text) refers to _printf_hex_ll.o(.constdata) for .constdata
    _printf_hex_int.o(.text) refers to _printf_intcommon.o(.text) for _printf_int_common
    _printf_hex_int.o(.text) refers to _printf_hex_int.o(.constdata) for .constdata
    _printf_hex_int_ll.o(.text) refers to _printf_intcommon.o(.text) for _printf_int_common
    _printf_hex_int_ll.o(.text) refers to _printf_hex_int_ll.o(.constdata) for .constdata
    _printf_hex_ptr.o(.text) refers to _printf_intcommon.o(.text) for _printf_int_common
    _printf_hex_ptr.o(.text) refers to _printf_hex_ptr.o(.constdata) for .constdata
    _printf_hex_int_ptr.o(.text) refers to _printf_intcommon.o(.text) for _printf_int_common
    _printf_hex_int_ptr.o(.text) refers to _printf_hex_int_ptr.o(.constdata) for .constdata
    _printf_hex_ll_ptr.o(.text) refers to _printf_intcommon.o(.text) for _printf_int_common
    _printf_hex_ll_ptr.o(.text) refers to _printf_hex_ll_ptr.o(.constdata) for .constdata
    _printf_hex_int_ll_ptr.o(.text) refers to _printf_intcommon.o(.text) for _printf_int_common
    _printf_hex_int_ll_ptr.o(.text) refers to _printf_hex_int_ll_ptr.o(.constdata) for .constdata
    __printf_flags.o(.text) refers to _printf_percent.o(.ARM.Collect$$_printf_percent$$00000000) for _printf_percent
    __printf_flags.o(.text) refers to __printf_flags.o(.constdata) for .constdata
    __printf_ss.o(.text) refers to _printf_percent.o(.ARM.Collect$$_printf_percent$$00000000) for _printf_percent
    __printf_flags_ss.o(.text) refers to _printf_percent.o(.ARM.Collect$$_printf_percent$$00000000) for _printf_percent
    __printf_flags_ss.o(.text) refers to __printf_flags_ss.o(.constdata) for .constdata
    __printf_wp.o(.text) refers to __printf_wp.o(i._is_digit) for _is_digit
    __printf_wp.o(.text) refers to _printf_percent.o(.ARM.Collect$$_printf_percent$$00000000) for _printf_percent
    __printf_flags_wp.o(.text) refers to __printf_wp.o(i._is_digit) for _is_digit
    __printf_flags_wp.o(.text) refers to _printf_percent.o(.ARM.Collect$$_printf_percent$$00000000) for _printf_percent
    __printf_flags_wp.o(.text) refers to __printf_flags_wp.o(.constdata) for .constdata
    __printf_ss_wp.o(.text) refers to __printf_wp.o(i._is_digit) for _is_digit
    __printf_ss_wp.o(.text) refers to _printf_percent.o(.ARM.Collect$$_printf_percent$$00000000) for _printf_percent
    __printf_flags_ss_wp.o(.text) refers to __printf_wp.o(i._is_digit) for _is_digit
    __printf_flags_ss_wp.o(.text) refers to _printf_percent.o(.ARM.Collect$$_printf_percent$$00000000) for _printf_percent
    __printf_flags_ss_wp.o(.text) refers to __printf_flags_ss_wp.o(.constdata) for .constdata
    _printf_x.o(.ARM.Collect$$_printf_percent$$0000000C) refers (Weak) to _printf_hex_int.o(.text) for _printf_int_hex
    _printf_percent.o(.ARM.Collect$$_printf_percent$$00000000) refers (Special) to _printf_percent_end.o(.ARM.Collect$$_printf_percent$$00000017) for _printf_percent_end
    __main.o(!!!main) refers to __rtentry.o(.ARM.Collect$$rtentry$$00000000) for __rt_entry
    __rtentry.o(.ARM.Collect$$rtentry$$00000000) refers (Special) to __rtentry2.o(.ARM.Collect$$rtentry$$0000000A) for __rt_entry_li
    __rtentry.o(.ARM.Collect$$rtentry$$00000000) refers (Special) to __rtentry2.o(.ARM.Collect$$rtentry$$0000000D) for __rt_entry_main
    __rtentry.o(.ARM.Collect$$rtentry$$00000000) refers (Special) to __rtentry2.o(.ARM.Collect$$rtentry$$0000000C) for __rt_entry_postli_1
    __rtentry.o(.ARM.Collect$$rtentry$$00000000) refers (Special) to __rtentry2.o(.ARM.Collect$$rtentry$$00000009) for __rt_entry_postsh_1
    __rtentry.o(.ARM.Collect$$rtentry$$00000000) refers (Special) to __rtentry2.o(.ARM.Collect$$rtentry$$00000002) for __rt_entry_presh_1
    __rtentry.o(.ARM.Collect$$rtentry$$00000000) refers (Special) to __rtentry4.o(.ARM.Collect$$rtentry$$00000004) for __rt_entry_sh
    _printf_char_common.o(.text) refers to __printf.o(.text) for __printf
    __rtentry2.o(.ARM.Collect$$rtentry$$00000008) refers to boardinit2.o(.text) for _platform_post_stackheap_init
    __rtentry2.o(.ARM.Collect$$rtentry$$0000000A) refers to libinit.o(.ARM.Collect$$libinit$$00000000) for __rt_lib_init
    __rtentry2.o(.ARM.Collect$$rtentry$$0000000B) refers to boardinit3.o(.text) for _platform_post_lib_init
    __rtentry2.o(.ARM.Collect$$rtentry$$0000000D) refers to main.o(.text) for main
    __rtentry2.o(.ARM.Collect$$rtentry$$0000000D) refers to exit.o(.text) for exit
    __rtentry2.o(.ARM.exidx) refers to __rtentry2.o(.ARM.Collect$$rtentry$$00000001) for .ARM.Collect$$rtentry$$00000001
    __rtentry2.o(.ARM.exidx) refers to __rtentry2.o(.ARM.Collect$$rtentry$$00000008) for .ARM.Collect$$rtentry$$00000008
    __rtentry2.o(.ARM.exidx) refers to __rtentry2.o(.ARM.Collect$$rtentry$$0000000A) for .ARM.Collect$$rtentry$$0000000A
    __rtentry2.o(.ARM.exidx) refers to __rtentry2.o(.ARM.Collect$$rtentry$$0000000B) for .ARM.Collect$$rtentry$$0000000B
    __rtentry2.o(.ARM.exidx) refers to __rtentry2.o(.ARM.Collect$$rtentry$$0000000D) for .ARM.Collect$$rtentry$$0000000D
    __rtentry4.o(.ARM.Collect$$rtentry$$00000004) refers to sys_stackheap_outer.o(.text) for __user_setup_stackheap
    __rtentry4.o(.ARM.exidx) refers to __rtentry4.o(.ARM.Collect$$rtentry$$00000004) for .ARM.Collect$$rtentry$$00000004
    sys_stackheap_outer.o(.text) refers to libspace.o(.text) for __user_perproc_libspace
    sys_stackheap_outer.o(.text) refers to startup_arty_cm3.o(.text) for __user_initial_stackheap
    exit.o(.text) refers to rtexit.o(.ARM.Collect$$rtexit$$00000000) for __rt_exit
    libinit.o(.ARM.Collect$$libinit$$00000000) refers (Special) to libinit2.o(.ARM.Collect$$libinit$$0000002E) for __rt_lib_init_alloca_1
    libinit.o(.ARM.Collect$$libinit$$00000000) refers (Special) to libinit2.o(.ARM.Collect$$libinit$$0000002C) for __rt_lib_init_argv_1
    libinit.o(.ARM.Collect$$libinit$$00000000) refers (Special) to libinit2.o(.ARM.Collect$$libinit$$0000001B) for __rt_lib_init_atexit_1
    libinit.o(.ARM.Collect$$libinit$$00000000) refers (Special) to libinit2.o(.ARM.Collect$$libinit$$00000021) for __rt_lib_init_clock_1
    libinit.o(.ARM.Collect$$libinit$$00000000) refers (Special) to libinit2.o(.ARM.Collect$$libinit$$00000032) for __rt_lib_init_cpp_1
    libinit.o(.ARM.Collect$$libinit$$00000000) refers (Special) to libinit2.o(.ARM.Collect$$libinit$$00000030) for __rt_lib_init_exceptions_1
    libinit.o(.ARM.Collect$$libinit$$00000000) refers (Special) to libinit2.o(.ARM.Collect$$libinit$$00000002) for __rt_lib_init_fp_1
    libinit.o(.ARM.Collect$$libinit$$00000000) refers (Special) to libinit2.o(.ARM.Collect$$libinit$$0000001F) for __rt_lib_init_fp_trap_1
    libinit.o(.ARM.Collect$$libinit$$00000000) refers (Special) to libinit2.o(.ARM.Collect$$libinit$$00000023) for __rt_lib_init_getenv_1
    libinit.o(.ARM.Collect$$libinit$$00000000) refers (Special) to libinit2.o(.ARM.Collect$$libinit$$0000000A) for __rt_lib_init_heap_1
    libinit.o(.ARM.Collect$$libinit$$00000000) refers (Special) to libinit2.o(.ARM.Collect$$libinit$$00000011) for __rt_lib_init_lc_collate_1
    libinit.o(.ARM.Collect$$libinit$$00000000) refers (Special) to libinit2.o(.ARM.Collect$$libinit$$00000013) for __rt_lib_init_lc_ctype_1
    libinit.o(.ARM.Collect$$libinit$$00000000) refers (Special) to libinit2.o(.ARM.Collect$$libinit$$00000015) for __rt_lib_init_lc_monetary_1
    libinit.o(.ARM.Collect$$libinit$$00000000) refers (Special) to libinit2.o(.ARM.Collect$$libinit$$00000017) for __rt_lib_init_lc_numeric_1
    libinit.o(.ARM.Collect$$libinit$$00000000) refers (Special) to libinit2.o(.ARM.Collect$$libinit$$00000019) for __rt_lib_init_lc_time_1
    libinit.o(.ARM.Collect$$libinit$$00000000) refers (Special) to libinit2.o(.ARM.Collect$$libinit$$00000004) for __rt_lib_init_preinit_1
    libinit.o(.ARM.Collect$$libinit$$00000000) refers (Special) to libinit2.o(.ARM.Collect$$libinit$$0000000E) for __rt_lib_init_rand_1
    libinit.o(.ARM.Collect$$libinit$$00000000) refers (Special) to libinit2.o(.ARM.Collect$$libinit$$00000033) for __rt_lib_init_return
    libinit.o(.ARM.Collect$$libinit$$00000000) refers (Special) to libinit2.o(.ARM.Collect$$libinit$$0000001D) for __rt_lib_init_signal_1
    libinit.o(.ARM.Collect$$libinit$$00000000) refers (Special) to libinit2.o(.ARM.Collect$$libinit$$00000025) for __rt_lib_init_stdio_1
    libinit.o(.ARM.Collect$$libinit$$00000000) refers (Special) to libinit2.o(.ARM.Collect$$libinit$$0000000C) for __rt_lib_init_user_alloc_1
    libspace.o(.text) refers to libspace.o(.bss) for __libspace_start
    rtexit.o(.ARM.Collect$$rtexit$$00000000) refers (Special) to rtexit2.o(.ARM.Collect$$rtexit$$00000004) for __rt_exit_exit
    rtexit.o(.ARM.Collect$$rtexit$$00000000) refers (Special) to rtexit2.o(.ARM.Collect$$rtexit$$00000003) for __rt_exit_ls
    rtexit.o(.ARM.Collect$$rtexit$$00000000) refers (Special) to rtexit2.o(.ARM.Collect$$rtexit$$00000002) for __rt_exit_prels_1
    rtexit.o(.ARM.exidx) refers (Special) to rtexit2.o(.ARM.Collect$$rtexit$$00000004) for __rt_exit_exit
    rtexit.o(.ARM.exidx) refers (Special) to rtexit2.o(.ARM.Collect$$rtexit$$00000003) for __rt_exit_ls
    rtexit.o(.ARM.exidx) refers (Special) to rtexit2.o(.ARM.Collect$$rtexit$$00000002) for __rt_exit_prels_1
    rtexit.o(.ARM.exidx) refers to rtexit.o(.ARM.Collect$$rtexit$$00000000) for .ARM.Collect$$rtexit$$00000000
    libinit2.o(.ARM.Collect$$libinit$$00000010) refers to libinit2.o(.ARM.Collect$$libinit$$0000000F) for .ARM.Collect$$libinit$$0000000F
    libinit2.o(.ARM.Collect$$libinit$$00000012) refers to libinit2.o(.ARM.Collect$$libinit$$0000000F) for .ARM.Collect$$libinit$$0000000F
    libinit2.o(.ARM.Collect$$libinit$$00000014) refers to libinit2.o(.ARM.Collect$$libinit$$0000000F) for .ARM.Collect$$libinit$$0000000F
    libinit2.o(.ARM.Collect$$libinit$$00000016) refers to libinit2.o(.ARM.Collect$$libinit$$0000000F) for .ARM.Collect$$libinit$$0000000F
    libinit2.o(.ARM.Collect$$libinit$$00000018) refers to libinit2.o(.ARM.Collect$$libinit$$0000000F) for .ARM.Collect$$libinit$$0000000F
    libinit2.o(.ARM.Collect$$libinit$$00000026) refers to argv_veneer.o(.emb_text) for __ARM_argv_veneer
    libinit2.o(.ARM.Collect$$libinit$$00000027) refers to argv_veneer.o(.emb_text) for __ARM_argv_veneer
    rtexit2.o(.ARM.Collect$$rtexit$$00000003) refers to libshutdown.o(.ARM.Collect$$libshutdown$$00000000) for __rt_lib_shutdown
    rtexit2.o(.ARM.Collect$$rtexit$$00000004) refers to sys_exit.o(.text) for _sys_exit
    rtexit2.o(.ARM.exidx) refers to rtexit2.o(.ARM.Collect$$rtexit$$00000001) for .ARM.Collect$$rtexit$$00000001
    rtexit2.o(.ARM.exidx) refers to rtexit2.o(.ARM.Collect$$rtexit$$00000003) for .ARM.Collect$$rtexit$$00000003
    rtexit2.o(.ARM.exidx) refers to rtexit2.o(.ARM.Collect$$rtexit$$00000004) for .ARM.Collect$$rtexit$$00000004
    argv_veneer.o(.emb_text) refers to no_argv.o(.text) for __ARM_get_argv
    sys_exit.o(.text) refers (Special) to use_no_semi.o(.text) for __I$use$semihosting
    sys_exit.o(.text) refers (Special) to indicate_semi.o(.text) for __semihosting_library_function
    _get_argv_nomalloc.o(.text) refers (Special) to hrguard.o(.text) for __heap_region$guard
    _get_argv_nomalloc.o(.text) refers to defsig_rtmem_outer.o(.text) for __rt_SIGRTMEM
    _get_argv_nomalloc.o(.text) refers to sys_command.o(.text) for _sys_command_string
    libshutdown.o(.ARM.Collect$$libshutdown$$00000000) refers (Special) to libshutdown2.o(.ARM.Collect$$libshutdown$$00000004) for __rt_lib_shutdown_cpp_1
    libshutdown.o(.ARM.Collect$$libshutdown$$00000000) refers (Special) to libshutdown2.o(.ARM.Collect$$libshutdown$$00000002) for __rt_lib_shutdown_fini_1
    libshutdown.o(.ARM.Collect$$libshutdown$$00000000) refers (Special) to libshutdown2.o(.ARM.Collect$$libshutdown$$00000009) for __rt_lib_shutdown_fp_trap_1
    libshutdown.o(.ARM.Collect$$libshutdown$$00000000) refers (Special) to libshutdown2.o(.ARM.Collect$$libshutdown$$00000011) for __rt_lib_shutdown_heap_1
    libshutdown.o(.ARM.Collect$$libshutdown$$00000000) refers (Special) to libshutdown2.o(.ARM.Collect$$libshutdown$$00000012) for __rt_lib_shutdown_return
    libshutdown.o(.ARM.Collect$$libshutdown$$00000000) refers (Special) to libshutdown2.o(.ARM.Collect$$libshutdown$$0000000C) for __rt_lib_shutdown_signal_1
    libshutdown.o(.ARM.Collect$$libshutdown$$00000000) refers (Special) to libshutdown2.o(.ARM.Collect$$libshutdown$$00000006) for __rt_lib_shutdown_stdio_1
    libshutdown.o(.ARM.Collect$$libshutdown$$00000000) refers (Special) to libshutdown2.o(.ARM.Collect$$libshutdown$$0000000E) for __rt_lib_shutdown_user_alloc_1
    sys_command.o(.text) refers (Special) to use_no_semi.o(.text) for __I$use$semihosting
    sys_command.o(.text) refers (Special) to indicate_semi.o(.text) for __semihosting_library_function
    defsig_rtmem_outer.o(.text) refers to defsig_rtmem_inner.o(.text) for __rt_SIGRTMEM_inner
    defsig_rtmem_outer.o(.text) refers to defsig_exit.o(.text) for __sig_exit
    defsig_rtmem_formal.o(.text) refers to rt_raise.o(.text) for __rt_raise
    rt_raise.o(.text) refers to __raise.o(.text) for __raise
    rt_raise.o(.text) refers to sys_exit.o(.text) for _sys_exit
    defsig_exit.o(.text) refers to sys_exit.o(.text) for _sys_exit
    defsig_rtmem_inner.o(.text) refers to defsig_general.o(.text) for __default_signal_display
    __raise.o(.text) refers to defsig.o(CL$$defsig) for __default_signal_handler
    defsig_general.o(.text) refers to sys_wrch.o(.text) for _ttywrch
    sys_wrch.o(.text) refers (Special) to use_no_semi.o(.text) for __I$use$semihosting
    sys_wrch.o(.text) refers (Special) to indicate_semi.o(.text) for __semihosting_library_function
    defsig.o(CL$$defsig) refers to defsig_rtmem_inner.o(.text) for __rt_SIGRTMEM_inner
    defsig_abrt_inner.o(.text) refers to defsig_general.o(.text) for __default_signal_display
    defsig_fpe_inner.o(.text) refers to defsig_general.o(.text) for __default_signal_display
    defsig_rtred_inner.o(.text) refers to defsig_general.o(.text) for __default_signal_display
    defsig_stak_inner.o(.text) refers to defsig_general.o(.text) for __default_signal_display
    defsig_pvfn_inner.o(.text) refers to defsig_general.o(.text) for __default_signal_display
    defsig_cppl_inner.o(.text) refers to defsig_general.o(.text) for __default_signal_display
    defsig_segv_inner.o(.text) refers to defsig_general.o(.text) for __default_signal_display
    defsig_other.o(.text) refers to defsig_general.o(.text) for __default_signal_display


==============================================================================

Removing Unused input sections from the image.

    Removing system_arty_cm3.o(.rev16_text), (4 bytes).
    Removing system_arty_cm3.o(.revsh_text), (4 bytes).
    Removing outbyte.o(.text), (2 bytes).
    Removing main.o(.rev16_text), (4 bytes).
    Removing main.o(.revsh_text), (4 bytes).
    Removing atomic_asm.o(.text), (12 bytes).
    Removing atomic.o(.text), (28 bytes).
    Removing gpio.o(.rev16_text), (4 bytes).
    Removing gpio.o(.revsh_text), (4 bytes).
    Removing xgpio_extra.o(.text), (300 bytes).
    Removing xgpio_extra.o(.conststring), (81 bytes).
    Removing xgpio_selftest.o(.text), (88 bytes).
    Removing xgpio_selftest.o(.conststring), (84 bytes).

13 unused section(s) (total 619 bytes) removed from the image.

==============================================================================

Image Symbol Table

    Local Symbols

    Symbol Name                              Value     Ov Type        Size  Object(Section)

    RESET                                    0x00000000   Section      192  startup_arty_cm3.o(RESET)
    ../clib/angel/boardlib.s                 0x00000000   Number         0  boardinit2.o ABSOLUTE
    ../clib/angel/boardlib.s                 0x00000000   Number         0  boardinit3.o ABSOLUTE
    ../clib/angel/boardlib.s                 0x00000000   Number         0  boardinit1.o ABSOLUTE
    ../clib/angel/boardlib.s                 0x00000000   Number         0  boardshut.o ABSOLUTE
    ../clib/angel/handlers.s                 0x00000000   Number         0  __scatter_zi.o ABSOLUTE
    ../clib/angel/handlers.s                 0x00000000   Number         0  __scatter_copy.o ABSOLUTE
    ../clib/angel/kernel.s                   0x00000000   Number         0  __rtentry.o ABSOLUTE
    ../clib/angel/kernel.s                   0x00000000   Number         0  rtexit.o ABSOLUTE
    ../clib/angel/kernel.s                   0x00000000   Number         0  rtexit2.o ABSOLUTE
    ../clib/angel/kernel.s                   0x00000000   Number         0  __rtentry4.o ABSOLUTE
    ../clib/angel/kernel.s                   0x00000000   Number         0  __rtentry2.o ABSOLUTE
    ../clib/angel/rt.s                       0x00000000   Number         0  rt_raise.o ABSOLUTE
    ../clib/angel/scatter.s                  0x00000000   Number         0  __scatter.o ABSOLUTE
    ../clib/angel/startup.s                  0x00000000   Number         0  __main.o ABSOLUTE
    ../clib/angel/sys.s                      0x00000000   Number         0  indicate_semi.o ABSOLUTE
    ../clib/angel/sys.s                      0x00000000   Number         0  sys_stackheap_outer.o ABSOLUTE
    ../clib/angel/sys.s                      0x00000000   Number         0  libspace.o ABSOLUTE
    ../clib/angel/sys.s                      0x00000000   Number         0  use_no_semi.o ABSOLUTE
    ../clib/angel/sysapp.c                   0x00000000   Number         0  sys_wrch.o ABSOLUTE
    ../clib/angel/sysapp.c                   0x00000000   Number         0  sys_exit.o ABSOLUTE
    ../clib/angel/sysapp.c                   0x00000000   Number         0  sys_command.o ABSOLUTE
    ../clib/armsys.c                         0x00000000   Number         0  no_argv.o ABSOLUTE
    ../clib/armsys.c                         0x00000000   Number         0  _get_argv_nomalloc.o ABSOLUTE
    ../clib/armsys.c                         0x00000000   Number         0  argv_veneer.o ABSOLUTE
    ../clib/armsys.c                         0x00000000   Number         0  argv_veneer.o ABSOLUTE
    ../clib/heapalloc.c                      0x00000000   Number         0  hrguard.o ABSOLUTE
    ../clib/heapaux.c                        0x00000000   Number         0  heapauxi.o ABSOLUTE
    ../clib/libinit.s                        0x00000000   Number         0  libinit2.o ABSOLUTE
    ../clib/libinit.s                        0x00000000   Number         0  libshutdown.o ABSOLUTE
    ../clib/libinit.s                        0x00000000   Number         0  libshutdown2.o ABSOLUTE
    ../clib/libinit.s                        0x00000000   Number         0  libinit.o ABSOLUTE
    ../clib/memcpset.s                       0x00000000   Number         0  rt_memcpy_w.o ABSOLUTE
    ../clib/printf.c                         0x00000000   Number         0  __printf_flags_ss.o ABSOLUTE
    ../clib/printf.c                         0x00000000   Number         0  __printf_wp.o ABSOLUTE
    ../clib/printf.c                         0x00000000   Number         0  _printf_hex_int.o ABSOLUTE
    ../clib/printf.c                         0x00000000   Number         0  __printf_flags_wp.o ABSOLUTE
    ../clib/printf.c                         0x00000000   Number         0  __printf_ss_wp.o ABSOLUTE
    ../clib/printf.c                         0x00000000   Number         0  __printf_flags_ss_wp.o ABSOLUTE
    ../clib/printf.c                         0x00000000   Number         0  _printf_char_common.o ABSOLUTE
    ../clib/printf.c                         0x00000000   Number         0  _printf_hex_ll.o ABSOLUTE
    ../clib/printf.c                         0x00000000   Number         0  __printf.o ABSOLUTE
    ../clib/printf.c                         0x00000000   Number         0  __printf_nopercent.o ABSOLUTE
    ../clib/printf.c                         0x00000000   Number         0  noretval__2sprintf.o ABSOLUTE
    ../clib/printf.c                         0x00000000   Number         0  _printf_intcommon.o ABSOLUTE
    ../clib/printf.c                         0x00000000   Number         0  _sputc.o ABSOLUTE
    ../clib/printf.c                         0x00000000   Number         0  __2sprintf.o ABSOLUTE
    ../clib/printf.c                         0x00000000   Number         0  _printf_hex_int_ll.o ABSOLUTE
    ../clib/printf.c                         0x00000000   Number         0  _printf_hex_ptr.o ABSOLUTE
    ../clib/printf.c                         0x00000000   Number         0  _printf_hex_int_ptr.o ABSOLUTE
    ../clib/printf.c                         0x00000000   Number         0  _printf_hex_ll_ptr.o ABSOLUTE
    ../clib/printf.c                         0x00000000   Number         0  _printf_hex_int_ll_ptr.o ABSOLUTE
    ../clib/printf.c                         0x00000000   Number         0  __printf_flags.o ABSOLUTE
    ../clib/printf.c                         0x00000000   Number         0  __printf_ss.o ABSOLUTE
    ../clib/printf_percent.s                 0x00000000   Number         0  _printf_x.o ABSOLUTE
    ../clib/printf_percent.s                 0x00000000   Number         0  _printf_percent.o ABSOLUTE
    ../clib/printf_percent.s                 0x00000000   Number         0  _printf_percent_end.o ABSOLUTE
    ../clib/signal.c                         0x00000000   Number         0  defsig_general.o ABSOLUTE
    ../clib/signal.c                         0x00000000   Number         0  defsig_cppl_inner.o ABSOLUTE
    ../clib/signal.c                         0x00000000   Number         0  defsig_segv_inner.o ABSOLUTE
    ../clib/signal.c                         0x00000000   Number         0  defsig_other.o ABSOLUTE
    ../clib/signal.c                         0x00000000   Number         0  __raise.o ABSOLUTE
    ../clib/signal.c                         0x00000000   Number         0  defsig_rtmem_outer.o ABSOLUTE
    ../clib/signal.c                         0x00000000   Number         0  defsig_rtmem_inner.o ABSOLUTE
    ../clib/signal.c                         0x00000000   Number         0  defsig_exit.o ABSOLUTE
    ../clib/signal.c                         0x00000000   Number         0  defsig_fpe_inner.o ABSOLUTE
    ../clib/signal.c                         0x00000000   Number         0  defsig_rtmem_formal.o ABSOLUTE
    ../clib/signal.c                         0x00000000   Number         0  defsig_rtred_inner.o ABSOLUTE
    ../clib/signal.c                         0x00000000   Number         0  defsig_stak_inner.o ABSOLUTE
    ../clib/signal.c                         0x00000000   Number         0  defsig_pvfn_inner.o ABSOLUTE
    ../clib/signal.c                         0x00000000   Number         0  defsig_abrt_inner.o ABSOLUTE
    ../clib/signal.s                         0x00000000   Number         0  defsig.o ABSOLUTE
    ../clib/stdlib.c                         0x00000000   Number         0  exit.o ABSOLUTE
    ../clib/string.c                         0x00000000   Number         0  strcpy.o ABSOLUTE
    ../fplib/fpinit.s                        0x00000000   Number         0  fpinit.o ABSOLUTE
    ..\\cmsis\\Device\\Source\\ARTY_CM3\\system_ARTY_CM3.c 0x00000000   Number         0  system_arty_cm3.o ABSOLUTE
    ..\\gpio\\gpio.c                         0x00000000   Number         0  gpio.o ABSOLUTE
    ..\\main\\main.c                         0x00000000   Number         0  main.o ABSOLUTE
    ..\aes\aes_128_CBC.c                     0x00000000   Number         0  aes_128_cbc.o ABSOLUTE
    ..\cmsis\Device\Source\ARTY_CM3\ARM\startup_ARTY_CM3.s 0x00000000   Number         0  startup_arty_cm3.o ABSOLUTE
    ..\cmsis\Device\Source\ARTY_CM3\system_ARTY_CM3.c 0x00000000   Number         0  system_arty_cm3.o ABSOLUTE
    ..\gpio\gpio.c                           0x00000000   Number         0  gpio.o ABSOLUTE
    ..\main\atomic.c                         0x00000000   Number         0  atomic.o ABSOLUTE
    ..\main\atomic_asm.s                     0x00000000   Number         0  atomic_asm.o ABSOLUTE
    ..\main\main.c                           0x00000000   Number         0  main.o ABSOLUTE
    ..\sdk_workspace\standalone_bsp_0\Cortex_M3_0\libsrc\gpio_v4_4\src\xgpio.c 0x00000000   Number         0  xgpio.o ABSOLUTE
    ..\sdk_workspace\standalone_bsp_0\Cortex_M3_0\libsrc\gpio_v4_4\src\xgpio_extra.c 0x00000000   Number         0  xgpio_extra.o ABSOLUTE
    ..\sdk_workspace\standalone_bsp_0\Cortex_M3_0\libsrc\gpio_v4_4\src\xgpio_g.c 0x00000000   Number         0  xgpio_g.o ABSOLUTE
    ..\sdk_workspace\standalone_bsp_0\Cortex_M3_0\libsrc\gpio_v4_4\src\xgpio_intr.c 0x00000000   Number         0  xgpio_intr.o ABSOLUTE
    ..\sdk_workspace\standalone_bsp_0\Cortex_M3_0\libsrc\gpio_v4_4\src\xgpio_selftest.c 0x00000000   Number         0  xgpio_selftest.o ABSOLUTE
    ..\sdk_workspace\standalone_bsp_0\Cortex_M3_0\libsrc\gpio_v4_4\src\xgpio_sinit.c 0x00000000   Number         0  xgpio_sinit.o ABSOLUTE
    ..\sdk_workspace\standalone_bsp_0\Cortex_M3_0\libsrc\standalone_v6_7\src\outbyte.c 0x00000000   Number         0  outbyte.o ABSOLUTE
    ..\sdk_workspace\standalone_bsp_0\Cortex_M3_0\libsrc\standalone_v6_7\src\print.c 0x00000000   Number         0  print.o ABSOLUTE
    ..\sdk_workspace\standalone_bsp_0\Cortex_M3_0\libsrc\standalone_v6_7\src\xil_assert.c 0x00000000   Number         0  xil_assert.o ABSOLUTE
    dc.s                                     0x00000000   Number         0  dc.o ABSOLUTE
    !!!main                                  0x000000c0   Section        8  __main.o(!!!main)
    !!!scatter                               0x000000c8   Section       52  __scatter.o(!!!scatter)
    !!handler_copy                           0x000000fc   Section       26  __scatter_copy.o(!!handler_copy)
    !!handler_zi                             0x00000118   Section       28  __scatter_zi.o(!!handler_zi)
    .ARM.Collect$$_printf_percent$$00000000  0x00000134   Section        0  _printf_percent.o(.ARM.Collect$$_printf_percent$$00000000)
    .ARM.Collect$$_printf_percent$$0000000C  0x00000134   Section        6  _printf_x.o(.ARM.Collect$$_printf_percent$$0000000C)
    .ARM.Collect$$_printf_percent$$00000017  0x0000013a   Section        4  _printf_percent_end.o(.ARM.Collect$$_printf_percent$$00000017)
    .ARM.Collect$$libinit$$00000000          0x0000013e   Section        2  libinit.o(.ARM.Collect$$libinit$$00000000)
    .ARM.Collect$$libinit$$00000002          0x00000140   Section        0  libinit2.o(.ARM.Collect$$libinit$$00000002)
    .ARM.Collect$$libinit$$00000004          0x00000140   Section        0  libinit2.o(.ARM.Collect$$libinit$$00000004)
    .ARM.Collect$$libinit$$0000000A          0x00000140   Section        0  libinit2.o(.ARM.Collect$$libinit$$0000000A)
    .ARM.Collect$$libinit$$0000000C          0x00000140   Section        0  libinit2.o(.ARM.Collect$$libinit$$0000000C)
    .ARM.Collect$$libinit$$0000000E          0x00000140   Section        0  libinit2.o(.ARM.Collect$$libinit$$0000000E)
    .ARM.Collect$$libinit$$00000011          0x00000140   Section        0  libinit2.o(.ARM.Collect$$libinit$$00000011)
    .ARM.Collect$$libinit$$00000013          0x00000140   Section        0  libinit2.o(.ARM.Collect$$libinit$$00000013)
    .ARM.Collect$$libinit$$00000015          0x00000140   Section        0  libinit2.o(.ARM.Collect$$libinit$$00000015)
    .ARM.Collect$$libinit$$00000017          0x00000140   Section        0  libinit2.o(.ARM.Collect$$libinit$$00000017)
    .ARM.Collect$$libinit$$00000019          0x00000140   Section        0  libinit2.o(.ARM.Collect$$libinit$$00000019)
    .ARM.Collect$$libinit$$0000001B          0x00000140   Section        0  libinit2.o(.ARM.Collect$$libinit$$0000001B)
    .ARM.Collect$$libinit$$0000001D          0x00000140   Section        0  libinit2.o(.ARM.Collect$$libinit$$0000001D)
    .ARM.Collect$$libinit$$0000001F          0x00000140   Section        0  libinit2.o(.ARM.Collect$$libinit$$0000001F)
    .ARM.Collect$$libinit$$00000021          0x00000140   Section        0  libinit2.o(.ARM.Collect$$libinit$$00000021)
    .ARM.Collect$$libinit$$00000023          0x00000140   Section        0  libinit2.o(.ARM.Collect$$libinit$$00000023)
    .ARM.Collect$$libinit$$00000025          0x00000140   Section        0  libinit2.o(.ARM.Collect$$libinit$$00000025)
    .ARM.Collect$$libinit$$0000002C          0x00000140   Section        0  libinit2.o(.ARM.Collect$$libinit$$0000002C)
    .ARM.Collect$$libinit$$0000002E          0x00000140   Section        0  libinit2.o(.ARM.Collect$$libinit$$0000002E)
    .ARM.Collect$$libinit$$00000030          0x00000140   Section        0  libinit2.o(.ARM.Collect$$libinit$$00000030)
    .ARM.Collect$$libinit$$00000032          0x00000140   Section        0  libinit2.o(.ARM.Collect$$libinit$$00000032)
    .ARM.Collect$$libinit$$00000033          0x00000140   Section        2  libinit2.o(.ARM.Collect$$libinit$$00000033)
    .ARM.Collect$$libshutdown$$00000000      0x00000142   Section        2  libshutdown.o(.ARM.Collect$$libshutdown$$00000000)
    .ARM.Collect$$libshutdown$$00000002      0x00000144   Section        0  libshutdown2.o(.ARM.Collect$$libshutdown$$00000002)
    .ARM.Collect$$libshutdown$$00000004      0x00000144   Section        0  libshutdown2.o(.ARM.Collect$$libshutdown$$00000004)
    .ARM.Collect$$libshutdown$$00000006      0x00000144   Section        0  libshutdown2.o(.ARM.Collect$$libshutdown$$00000006)
    .ARM.Collect$$libshutdown$$00000009      0x00000144   Section        0  libshutdown2.o(.ARM.Collect$$libshutdown$$00000009)
    .ARM.Collect$$libshutdown$$0000000C      0x00000144   Section        0  libshutdown2.o(.ARM.Collect$$libshutdown$$0000000C)
    .ARM.Collect$$libshutdown$$0000000E      0x00000144   Section        0  libshutdown2.o(.ARM.Collect$$libshutdown$$0000000E)
    .ARM.Collect$$libshutdown$$00000011      0x00000144   Section        0  libshutdown2.o(.ARM.Collect$$libshutdown$$00000011)
    .ARM.Collect$$libshutdown$$00000012      0x00000144   Section        2  libshutdown2.o(.ARM.Collect$$libshutdown$$00000012)
    .ARM.Collect$$rtentry$$00000000          0x00000146   Section        0  __rtentry.o(.ARM.Collect$$rtentry$$00000000)
    .ARM.Collect$$rtentry$$00000002          0x00000146   Section        0  __rtentry2.o(.ARM.Collect$$rtentry$$00000002)
    .ARM.Collect$$rtentry$$00000004          0x00000146   Section        6  __rtentry4.o(.ARM.Collect$$rtentry$$00000004)
    .ARM.Collect$$rtentry$$00000009          0x0000014c   Section        0  __rtentry2.o(.ARM.Collect$$rtentry$$00000009)
    .ARM.Collect$$rtentry$$0000000A          0x0000014c   Section        4  __rtentry2.o(.ARM.Collect$$rtentry$$0000000A)
    .ARM.Collect$$rtentry$$0000000C          0x00000150   Section        0  __rtentry2.o(.ARM.Collect$$rtentry$$0000000C)
    .ARM.Collect$$rtentry$$0000000D          0x00000150   Section        8  __rtentry2.o(.ARM.Collect$$rtentry$$0000000D)
    .ARM.Collect$$rtexit$$00000000           0x00000158   Section        2  rtexit.o(.ARM.Collect$$rtexit$$00000000)
    .ARM.Collect$$rtexit$$00000002           0x0000015a   Section        0  rtexit2.o(.ARM.Collect$$rtexit$$00000002)
    .ARM.Collect$$rtexit$$00000003           0x0000015a   Section        4  rtexit2.o(.ARM.Collect$$rtexit$$00000003)
    .ARM.Collect$$rtexit$$00000004           0x0000015e   Section        6  rtexit2.o(.ARM.Collect$$rtexit$$00000004)
    .text                                    0x00000164   Section        0  system_arty_cm3.o(.text)
    .text                                    0x0000017c   Section       64  startup_arty_cm3.o(.text)
    .text                                    0x000001bc   Section        0  print.o(.text)
    .text                                    0x000001c0   Section        0  xil_assert.o(.text)
    .text                                    0x000001f4   Section        0  main.o(.text)
    .text                                    0x00000564   Section        0  gpio.o(.text)
    .text                                    0x00000604   Section        0  xgpio.o(.text)
    Xil_Out32                                0x00000835   Thumb Code     6  xgpio.o(.text)
    .text                                    0x00000844   Section        0  xgpio_intr.o(.text)
    Xil_In32                                 0x00000b77   Thumb Code     6  xgpio_intr.o(.text)
    Xil_Out32                                0x00000b7d   Thumb Code     6  xgpio_intr.o(.text)
    .text                                    0x00000b8c   Section        0  xgpio_sinit.o(.text)
    .text                                    0x00000c00   Section        0  aes_128_cbc.o(.text)
    KeyExpansion                             0x00000c01   Thumb Code   210  aes_128_cbc.o(.text)
    AddRoundKey                              0x00000cf5   Thumb Code    56  aes_128_cbc.o(.text)
    SubBytes                                 0x00000d2d   Thumb Code    46  aes_128_cbc.o(.text)
    ShiftRows                                0x00000d5b   Thumb Code    50  aes_128_cbc.o(.text)
    xtime                                    0x00000d8d   Thumb Code    20  aes_128_cbc.o(.text)
    MixColumns                               0x00000da1   Thumb Code   212  aes_128_cbc.o(.text)
    InvMixColumns                            0x00000e75   Thumb Code  1184  aes_128_cbc.o(.text)
    InvSubBytes                              0x00001315   Thumb Code    46  aes_128_cbc.o(.text)
    InvShiftRows                             0x00001343   Thumb Code    50  aes_128_cbc.o(.text)
    Cipher                                   0x00001375   Thumb Code    84  aes_128_cbc.o(.text)
    InvCipher                                0x000013c9   Thumb Code    72  aes_128_cbc.o(.text)
    XorWithIv                                0x00001411   Thumb Code    26  aes_128_cbc.o(.text)
    .text                                    0x000014c8   Section        0  noretval__2sprintf.o(.text)
    .text                                    0x000014f0   Section        0  __printf.o(.text)
    .text                                    0x00001558   Section        0  _printf_hex_int.o(.text)
    .text                                    0x000015b0   Section        0  strcpy.o(.text)
    .text                                    0x000015f8   Section      100  rt_memcpy_w.o(.text)
    .text                                    0x0000165c   Section        0  heapauxi.o(.text)
    .text                                    0x00001662   Section        0  _printf_intcommon.o(.text)
    .text                                    0x00001714   Section        0  _printf_char_common.o(.text)
    _printf_input_char                       0x00001715   Thumb Code    10  _printf_char_common.o(.text)
    .text                                    0x00001744   Section        0  _sputc.o(.text)
    .text                                    0x0000174e   Section       74  sys_stackheap_outer.o(.text)
    .text                                    0x00001798   Section        0  exit.o(.text)
    .text                                    0x000017ac   Section        8  libspace.o(.text)
    .text                                    0x000017b4   Section        0  sys_exit.o(.text)
    .text                                    0x000017c0   Section        2  use_no_semi.o(.text)
    .constdata                               0x000017c2   Section      523  main.o(.constdata)
    .text                                    0x000017c2   Section        0  indicate_semi.o(.text)
    sbox                                     0x000017c2   Data         256  main.o(.constdata)
    rsbox                                    0x000018c2   Data         256  main.o(.constdata)
    Rcon                                     0x000019c2   Data          11  main.o(.constdata)
    .constdata                               0x000019cd   Section       40  _printf_hex_int.o(.constdata)
    uc_hextab                                0x000019cd   Data          20  _printf_hex_int.o(.constdata)
    lc_hextab                                0x000019e1   Data          20  _printf_hex_int.o(.constdata)
    .conststring                             0x000019f8   Section       75  xgpio.o(.conststring)
    .conststring                             0x00001a44   Section       80  xgpio_intr.o(.conststring)
    .conststring                             0x00001a94   Section       81  xgpio_sinit.o(.conststring)
    .data                                    0x20000000   Section        4  system_arty_cm3.o(.data)
    .data                                    0x20000004   Section       12  xil_assert.o(.data)
    Xil_AssertCallbackRoutine                0x2000000c   Data           4  xil_assert.o(.data)
    .data                                    0x20000010   Section        4  gpio.o(.data)
    .data                                    0x20000014   Section       16  xgpio_g.o(.data)
    .bss                                     0x20000024   Section       16  gpio.o(.bss)
    Gpio_Led_PB                              0x20000024   Data          16  gpio.o(.bss)
    .bss                                     0x20000034   Section       96  libspace.o(.bss)
    HEAP                                     0x20000098   Section     3072  startup_arty_cm3.o(HEAP)
    Heap_Mem                                 0x20000098   Data        3072  startup_arty_cm3.o(HEAP)
    STACK                                    0x20000c98   Section     1024  startup_arty_cm3.o(STACK)
    Stack_Mem                                0x20000c98   Data        1024  startup_arty_cm3.o(STACK)
    __initial_sp                             0x20001098   Data           0  startup_arty_cm3.o(STACK)

    Global Symbols

    Symbol Name                              Value     Ov Type        Size  Object(Section)

    BuildAttributes$$THM_ISAv4$P$D$K$B$S$PE$A:L22UL41UL21$X:L11$S22US41US21$IEEE1$IW$USESV6$~STKCKD$USESV7$~SHL$OSPACE$ROPI$EBA8$UX$STANDARDLIB$REQ8$PRES8$EABIv2 0x00000000   Number         0  anon$$obj.o ABSOLUTE
    __ARM_use_no_argv                        0x00000000   Number         0  main.o ABSOLUTE
    __Vectors                                0x00000000   Data           4  startup_arty_cm3.o(RESET)
    __ARM_exceptions_init                     - Undefined Weak Reference
    __alloca_initialize                       - Undefined Weak Reference
    __arm_fini_                               - Undefined Weak Reference
    __arm_preinit_                            - Undefined Weak Reference
    __cpp_initialize__aeabi_                  - Undefined Weak Reference
    __cxa_finalize                            - Undefined Weak Reference
    __rt_locale                               - Undefined Weak Reference
    __sigvec_lookup                           - Undefined Weak Reference
    _atexit_init                              - Undefined Weak Reference
    _call_atexit_fns                          - Undefined Weak Reference
    _clock_init                               - Undefined Weak Reference
    _fp_trap_init                             - Undefined Weak Reference
    _fp_trap_shutdown                         - Undefined Weak Reference
    _get_lc_collate                           - Undefined Weak Reference
    _get_lc_ctype                             - Undefined Weak Reference
    _get_lc_monetary                          - Undefined Weak Reference
    _get_lc_numeric                           - Undefined Weak Reference
    _get_lc_time                              - Undefined Weak Reference
    _getenv_init                              - Undefined Weak Reference
    _handle_redirection                       - Undefined Weak Reference
    _init_alloc                               - Undefined Weak Reference
    _init_user_alloc                          - Undefined Weak Reference
    _initio                                   - Undefined Weak Reference
    _printf_post_padding                      - Undefined Weak Reference
    _printf_pre_padding                       - Undefined Weak Reference
    _printf_truncate_unsigned                 - Undefined Weak Reference
    _rand_init                                - Undefined Weak Reference
    _signal_finish                            - Undefined Weak Reference
    _signal_init                              - Undefined Weak Reference
    _terminate_alloc                          - Undefined Weak Reference
    _terminate_user_alloc                     - Undefined Weak Reference
    _terminateio                              - Undefined Weak Reference
    __Vectors_End                            0x000000c0   Data           0  startup_arty_cm3.o(RESET)
    __Vectors_Size                           0x000000c0   Number         0  startup_arty_cm3.o ABSOLUTE
    __main                                   0x000000c1   Thumb Code     8  __main.o(!!!main)
    __scatterload                            0x000000c9   Thumb Code     0  __scatter.o(!!!scatter)
    __scatterload_rt2                        0x000000c9   Thumb Code    44  __scatter.o(!!!scatter)
    __scatterload_rt2_thumb_only             0x000000c9   Thumb Code     0  __scatter.o(!!!scatter)
    __scatterload_null                       0x000000d7   Thumb Code     0  __scatter.o(!!!scatter)
    __scatterload_copy                       0x000000fd   Thumb Code    26  __scatter_copy.o(!!handler_copy)
    __scatterload_zeroinit                   0x00000119   Thumb Code    28  __scatter_zi.o(!!handler_zi)
    _printf_percent                          0x00000135   Thumb Code     0  _printf_percent.o(.ARM.Collect$$_printf_percent$$00000000)
    _printf_x                                0x00000135   Thumb Code     0  _printf_x.o(.ARM.Collect$$_printf_percent$$0000000C)
    _printf_percent_end                      0x0000013b   Thumb Code     0  _printf_percent_end.o(.ARM.Collect$$_printf_percent$$00000017)
    __rt_lib_init                            0x0000013f   Thumb Code     0  libinit.o(.ARM.Collect$$libinit$$00000000)
    __rt_lib_init_alloca_1                   0x00000141   Thumb Code     0  libinit2.o(.ARM.Collect$$libinit$$0000002E)
    __rt_lib_init_argv_1                     0x00000141   Thumb Code     0  libinit2.o(.ARM.Collect$$libinit$$0000002C)
    __rt_lib_init_atexit_1                   0x00000141   Thumb Code     0  libinit2.o(.ARM.Collect$$libinit$$0000001B)
    __rt_lib_init_clock_1                    0x00000141   Thumb Code     0  libinit2.o(.ARM.Collect$$libinit$$00000021)
    __rt_lib_init_cpp_1                      0x00000141   Thumb Code     0  libinit2.o(.ARM.Collect$$libinit$$00000032)
    __rt_lib_init_exceptions_1               0x00000141   Thumb Code     0  libinit2.o(.ARM.Collect$$libinit$$00000030)
    __rt_lib_init_fp_1                       0x00000141   Thumb Code     0  libinit2.o(.ARM.Collect$$libinit$$00000002)
    __rt_lib_init_fp_trap_1                  0x00000141   Thumb Code     0  libinit2.o(.ARM.Collect$$libinit$$0000001F)
    __rt_lib_init_getenv_1                   0x00000141   Thumb Code     0  libinit2.o(.ARM.Collect$$libinit$$00000023)
    __rt_lib_init_heap_1                     0x00000141   Thumb Code     0  libinit2.o(.ARM.Collect$$libinit$$0000000A)
    __rt_lib_init_lc_collate_1               0x00000141   Thumb Code     0  libinit2.o(.ARM.Collect$$libinit$$00000011)
    __rt_lib_init_lc_ctype_1                 0x00000141   Thumb Code     0  libinit2.o(.ARM.Collect$$libinit$$00000013)
    __rt_lib_init_lc_monetary_1              0x00000141   Thumb Code     0  libinit2.o(.ARM.Collect$$libinit$$00000015)
    __rt_lib_init_lc_numeric_1               0x00000141   Thumb Code     0  libinit2.o(.ARM.Collect$$libinit$$00000017)
    __rt_lib_init_lc_time_1                  0x00000141   Thumb Code     0  libinit2.o(.ARM.Collect$$libinit$$00000019)
    __rt_lib_init_preinit_1                  0x00000141   Thumb Code     0  libinit2.o(.ARM.Collect$$libinit$$00000004)
    __rt_lib_init_rand_1                     0x00000141   Thumb Code     0  libinit2.o(.ARM.Collect$$libinit$$0000000E)
    __rt_lib_init_return                     0x00000141   Thumb Code     0  libinit2.o(.ARM.Collect$$libinit$$00000033)
    __rt_lib_init_signal_1                   0x00000141   Thumb Code     0  libinit2.o(.ARM.Collect$$libinit$$0000001D)
    __rt_lib_init_stdio_1                    0x00000141   Thumb Code     0  libinit2.o(.ARM.Collect$$libinit$$00000025)
    __rt_lib_init_user_alloc_1               0x00000141   Thumb Code     0  libinit2.o(.ARM.Collect$$libinit$$0000000C)
    __rt_lib_shutdown                        0x00000143   Thumb Code     0  libshutdown.o(.ARM.Collect$$libshutdown$$00000000)
    __rt_lib_shutdown_cpp_1                  0x00000145   Thumb Code     0  libshutdown2.o(.ARM.Collect$$libshutdown$$00000004)
    __rt_lib_shutdown_fini_1                 0x00000145   Thumb Code     0  libshutdown2.o(.ARM.Collect$$libshutdown$$00000002)
    __rt_lib_shutdown_fp_trap_1              0x00000145   Thumb Code     0  libshutdown2.o(.ARM.Collect$$libshutdown$$00000009)
    __rt_lib_shutdown_heap_1                 0x00000145   Thumb Code     0  libshutdown2.o(.ARM.Collect$$libshutdown$$00000011)
    __rt_lib_shutdown_return                 0x00000145   Thumb Code     0  libshutdown2.o(.ARM.Collect$$libshutdown$$00000012)
    __rt_lib_shutdown_signal_1               0x00000145   Thumb Code     0  libshutdown2.o(.ARM.Collect$$libshutdown$$0000000C)
    __rt_lib_shutdown_stdio_1                0x00000145   Thumb Code     0  libshutdown2.o(.ARM.Collect$$libshutdown$$00000006)
    __rt_lib_shutdown_user_alloc_1           0x00000145   Thumb Code     0  libshutdown2.o(.ARM.Collect$$libshutdown$$0000000E)
    __rt_entry                               0x00000147   Thumb Code     0  __rtentry.o(.ARM.Collect$$rtentry$$00000000)
    __rt_entry_presh_1                       0x00000147   Thumb Code     0  __rtentry2.o(.ARM.Collect$$rtentry$$00000002)
    __rt_entry_sh                            0x00000147   Thumb Code     0  __rtentry4.o(.ARM.Collect$$rtentry$$00000004)
    __rt_entry_li                            0x0000014d   Thumb Code     0  __rtentry2.o(.ARM.Collect$$rtentry$$0000000A)
    __rt_entry_postsh_1                      0x0000014d   Thumb Code     0  __rtentry2.o(.ARM.Collect$$rtentry$$00000009)
    __rt_entry_main                          0x00000151   Thumb Code     0  __rtentry2.o(.ARM.Collect$$rtentry$$0000000D)
    __rt_entry_postli_1                      0x00000151   Thumb Code     0  __rtentry2.o(.ARM.Collect$$rtentry$$0000000C)
    __rt_exit                                0x00000159   Thumb Code     0  rtexit.o(.ARM.Collect$$rtexit$$00000000)
    __rt_exit_ls                             0x0000015b   Thumb Code     0  rtexit2.o(.ARM.Collect$$rtexit$$00000003)
    __rt_exit_prels_1                        0x0000015b   Thumb Code     0  rtexit2.o(.ARM.Collect$$rtexit$$00000002)
    __rt_exit_exit                           0x0000015f   Thumb Code     0  rtexit2.o(.ARM.Collect$$rtexit$$00000004)
    SystemCoreClockUpdate                    0x00000165   Thumb Code     8  system_arty_cm3.o(.text)
    SystemInit                               0x0000016d   Thumb Code     8  system_arty_cm3.o(.text)
    Reset_Handler                            0x0000017d   Thumb Code     8  startup_arty_cm3.o(.text)
    NMI_Handler                              0x00000185   Thumb Code     2  startup_arty_cm3.o(.text)
    HardFault_Handler                        0x00000187   Thumb Code     2  startup_arty_cm3.o(.text)
    MemManage_Handler                        0x00000189   Thumb Code     2  startup_arty_cm3.o(.text)
    BusFault_Handler                         0x0000018b   Thumb Code     2  startup_arty_cm3.o(.text)
    UsageFault_Handler                       0x0000018d   Thumb Code     2  startup_arty_cm3.o(.text)
    SVC_Handler                              0x0000018f   Thumb Code     2  startup_arty_cm3.o(.text)
    DebugMon_Handler                         0x00000191   Thumb Code     2  startup_arty_cm3.o(.text)
    PendSV_Handler                           0x00000193   Thumb Code     2  startup_arty_cm3.o(.text)
    SysTick_Handler                          0x00000195   Thumb Code     2  startup_arty_cm3.o(.text)
    DAPLinkFittedn                           0x00000197   Thumb Code     0  startup_arty_cm3.o(.text)
    DAP_QSPI0_Handler                        0x00000197   Thumb Code     0  startup_arty_cm3.o(.text)
    DAP_QSPI_XIP_Handler                     0x00000197   Thumb Code     0  startup_arty_cm3.o(.text)
    DAP_SPI0_Handler                         0x00000197   Thumb Code     0  startup_arty_cm3.o(.text)
    GPIO1_Handler                            0x00000197   Thumb Code     0  startup_arty_cm3.o(.text)
    QSPI0_Handler                            0x00000197   Thumb Code     0  startup_arty_cm3.o(.text)
    UART0_Handler                            0x00000197   Thumb Code     0  startup_arty_cm3.o(.text)
    Unused_IRQ10                             0x00000197   Thumb Code     0  startup_arty_cm3.o(.text)
    Unused_IRQ11                             0x00000197   Thumb Code     0  startup_arty_cm3.o(.text)
    Unused_IRQ12                             0x00000197   Thumb Code     0  startup_arty_cm3.o(.text)
    Unused_IRQ13                             0x00000197   Thumb Code     0  startup_arty_cm3.o(.text)
    Unused_IRQ14                             0x00000197   Thumb Code     0  startup_arty_cm3.o(.text)
    Unused_IRQ15                             0x00000197   Thumb Code     0  startup_arty_cm3.o(.text)
    Unused_IRQ16                             0x00000197   Thumb Code     0  startup_arty_cm3.o(.text)
    Unused_IRQ17                             0x00000197   Thumb Code     0  startup_arty_cm3.o(.text)
    Unused_IRQ18                             0x00000197   Thumb Code     0  startup_arty_cm3.o(.text)
    Unused_IRQ19                             0x00000197   Thumb Code     0  startup_arty_cm3.o(.text)
    Unused_IRQ20                             0x00000197   Thumb Code     0  startup_arty_cm3.o(.text)
    Unused_IRQ21                             0x00000197   Thumb Code     0  startup_arty_cm3.o(.text)
    Unused_IRQ22                             0x00000197   Thumb Code     0  startup_arty_cm3.o(.text)
    Unused_IRQ23                             0x00000197   Thumb Code     0  startup_arty_cm3.o(.text)
    Unused_IRQ24                             0x00000197   Thumb Code     0  startup_arty_cm3.o(.text)
    Unused_IRQ25                             0x00000197   Thumb Code     0  startup_arty_cm3.o(.text)
    Unused_IRQ26                             0x00000197   Thumb Code     0  startup_arty_cm3.o(.text)
    Unused_IRQ27                             0x00000197   Thumb Code     0  startup_arty_cm3.o(.text)
    Unused_IRQ28                             0x00000197   Thumb Code     0  startup_arty_cm3.o(.text)
    Unused_IRQ29                             0x00000197   Thumb Code     0  startup_arty_cm3.o(.text)
    Unused_IRQ30                             0x00000197   Thumb Code     0  startup_arty_cm3.o(.text)
    Unused_IRQ31                             0x00000197   Thumb Code     0  startup_arty_cm3.o(.text)
    Unused_IRQ8                              0x00000197   Thumb Code     0  startup_arty_cm3.o(.text)
    Unused_IRQ9                              0x00000197   Thumb Code     0  startup_arty_cm3.o(.text)
    __user_initial_stackheap                 0x00000199   Thumb Code    10  startup_arty_cm3.o(.text)
    print                                    0x000001bd   Thumb Code     2  print.o(.text)
    Xil_Assert                               0x000001c1   Thumb Code    34  xil_assert.o(.text)
    Xil_AssertSetCallback                    0x000001e3   Thumb Code     6  xil_assert.o(.text)
    XNullHandler                             0x000001e9   Thumb Code     2  xil_assert.o(.text)
    main                                     0x000001f5   Thumb Code   684  main.o(.text)
    InitialiseGPIO                           0x00000565   Thumb Code    56  gpio.o(.text)
    EnableGPIOInterrupts                     0x0000059d   Thumb Code    18  gpio.o(.text)
    GPIO0_Handler                            0x000005af   Thumb Code    44  gpio.o(.text)
    button_pressed                           0x000005db   Thumb Code     6  gpio.o(.text)
    reset_button                             0x000005e1   Thumb Code     8  gpio.o(.text)
    SetLedValue                              0x000005e9   Thumb Code    14  gpio.o(.text)
    XGpio_CfgInitialize                      0x00000605   Thumb Code    56  xgpio.o(.text)
    XGpio_SetDataDirection                   0x0000063d   Thumb Code   126  xgpio.o(.text)
    XGpio_GetDataDirection                   0x000006bb   Thumb Code   126  xgpio.o(.text)
    XGpio_DiscreteRead                       0x00000739   Thumb Code   126  xgpio.o(.text)
    XGpio_DiscreteWrite                      0x000007b7   Thumb Code   126  xgpio.o(.text)
    XGpio_InterruptGlobalEnable              0x00000845   Thumb Code   110  xgpio_intr.o(.text)
    XGpio_InterruptGlobalDisable             0x000008b3   Thumb Code   108  xgpio_intr.o(.text)
    XGpio_InterruptEnable                    0x0000091f   Thumb Code   124  xgpio_intr.o(.text)
    XGpio_InterruptDisable                   0x0000099b   Thumb Code   124  xgpio_intr.o(.text)
    XGpio_InterruptClear                     0x00000a17   Thumb Code   124  xgpio_intr.o(.text)
    XGpio_InterruptGetEnabled                0x00000a93   Thumb Code   112  xgpio_intr.o(.text)
    XGpio_InterruptGetStatus                 0x00000b03   Thumb Code   116  xgpio_intr.o(.text)
    XGpio_LookupConfig                       0x00000b8d   Thumb Code    38  xgpio_sinit.o(.text)
    XGpio_Initialize                         0x00000bb3   Thumb Code    64  xgpio_sinit.o(.text)
    AES_init_ctx_iv                          0x00000cd3   Thumb Code    34  aes_128_cbc.o(.text)
    AES_CBC_encrypt_buffer                   0x0000142b   Thumb Code    56  aes_128_cbc.o(.text)
    AES_CBC_decrypt_buffer                   0x00001463   Thumb Code   102  aes_128_cbc.o(.text)
    __2sprintf                               0x000014c9   Thumb Code    34  noretval__2sprintf.o(.text)
    __printf                                 0x000014f1   Thumb Code   104  __printf.o(.text)
    _printf_int_hex                          0x00001559   Thumb Code    84  _printf_hex_int.o(.text)
    _printf_longlong_hex                     0x00001559   Thumb Code     0  _printf_hex_int.o(.text)
    strcpy                                   0x000015b1   Thumb Code    72  strcpy.o(.text)
    __aeabi_memcpy4                          0x000015f9   Thumb Code     0  rt_memcpy_w.o(.text)
    __aeabi_memcpy8                          0x000015f9   Thumb Code     0  rt_memcpy_w.o(.text)
    __rt_memcpy_w                            0x000015f9   Thumb Code   100  rt_memcpy_w.o(.text)
    _memcpy_lastbytes_aligned                0x00001641   Thumb Code     0  rt_memcpy_w.o(.text)
    __use_two_region_memory                  0x0000165d   Thumb Code     2  heapauxi.o(.text)
    __rt_heap_escrow$2region                 0x0000165f   Thumb Code     2  heapauxi.o(.text)
    __rt_heap_expand$2region                 0x00001661   Thumb Code     2  heapauxi.o(.text)
    _printf_int_common                       0x00001663   Thumb Code   178  _printf_intcommon.o(.text)
    _printf_char_common                      0x0000171f   Thumb Code    32  _printf_char_common.o(.text)
    _sputc                                   0x00001745   Thumb Code    10  _sputc.o(.text)
    __user_setup_stackheap                   0x0000174f   Thumb Code    74  sys_stackheap_outer.o(.text)
    exit                                     0x00001799   Thumb Code    18  exit.o(.text)
    __user_libspace                          0x000017ad   Thumb Code     8  libspace.o(.text)
    __user_perproc_libspace                  0x000017ad   Thumb Code     0  libspace.o(.text)
    __user_perthread_libspace                0x000017ad   Thumb Code     0  libspace.o(.text)
    _sys_exit                                0x000017b5   Thumb Code     8  sys_exit.o(.text)
    __I$use$semihosting                      0x000017c1   Thumb Code     0  use_no_semi.o(.text)
    __use_no_semihosting_swi                 0x000017c1   Thumb Code     2  use_no_semi.o(.text)
    __semihosting_library_function           0x000017c3   Thumb Code     0  indicate_semi.o(.text)
    Region$$Table$$Base                      0x00001ae8   Number         0  anon$$obj.o(Region$$Table)
    Region$$Table$$Limit                     0x00001b08   Number         0  anon$$obj.o(Region$$Table)
    SystemCoreClock                          0x20000000   Data           4  system_arty_cm3.o(.data)
    Xil_AssertStatus                         0x20000004   Data           4  xil_assert.o(.data)
    Xil_AssertWait                           0x20000008   Data           4  xil_assert.o(.data)
    button                                   0x20000010   Data           4  gpio.o(.data)
    XGpio_ConfigTable                        0x20000014   Data          16  xgpio_g.o(.data)
    __libspace_start                         0x20000034   Data          96  libspace.o(.bss)
    __temporary_stack_top$libspace           0x20000094   Data           0  libspace.o(.bss)



==============================================================================

Memory Map of the image

  Image Entry point : 0x0000017d

  Load Region LR_IROM1 (Base: 0x00000000, Size: 0x00001b2c, Max: 0x00008000, ABSOLUTE)

    Execution Region ER_IROM1 (Exec base: 0x00000000, Load base: 0x00000000, Size: 0x00001b08, Max: 0x00008000, ABSOLUTE)

    Exec Addr    Load Addr    Size         Type   Attr      Idx    E Section Name        Object

    0x00000000   0x00000000   0x000000c0   Data   RO           49    RESET               startup_arty_cm3.o
    0x000000c0   0x000000c0   0x00000008   Code   RO          442  * !!!main             c_w.l(__main.o)
    0x000000c8   0x000000c8   0x00000034   Code   RO          610    !!!scatter          c_w.l(__scatter.o)
    0x000000fc   0x000000fc   0x0000001a   Code   RO          612    !!handler_copy      c_w.l(__scatter_copy.o)
    0x00000116   0x00000116   0x00000002   PAD
    0x00000118   0x00000118   0x0000001c   Code   RO          614    !!handler_zi        c_w.l(__scatter_zi.o)
    0x00000134   0x00000134   0x00000000   Code   RO          435    .ARM.Collect$$_printf_percent$$00000000  c_w.l(_printf_percent.o)
    0x00000134   0x00000134   0x00000006   Code   RO          434    .ARM.Collect$$_printf_percent$$0000000C  c_w.l(_printf_x.o)
    0x0000013a   0x0000013a   0x00000004   Code   RO          451    .ARM.Collect$$_printf_percent$$00000017  c_w.l(_printf_percent_end.o)
    0x0000013e   0x0000013e   0x00000002   Code   RO          478    .ARM.Collect$$libinit$$00000000  c_w.l(libinit.o)
    0x00000140   0x00000140   0x00000000   Code   RO          485    .ARM.Collect$$libinit$$00000002  c_w.l(libinit2.o)
    0x00000140   0x00000140   0x00000000   Code   RO          487    .ARM.Collect$$libinit$$00000004  c_w.l(libinit2.o)
    0x00000140   0x00000140   0x00000000   Code   RO          490    .ARM.Collect$$libinit$$0000000A  c_w.l(libinit2.o)
    0x00000140   0x00000140   0x00000000   Code   RO          492    .ARM.Collect$$libinit$$0000000C  c_w.l(libinit2.o)
    0x00000140   0x00000140   0x00000000   Code   RO          494    .ARM.Collect$$libinit$$0000000E  c_w.l(libinit2.o)
    0x00000140   0x00000140   0x00000000   Code   RO          497    .ARM.Collect$$libinit$$00000011  c_w.l(libinit2.o)
    0x00000140   0x00000140   0x00000000   Code   RO          499    .ARM.Collect$$libinit$$00000013  c_w.l(libinit2.o)
    0x00000140   0x00000140   0x00000000   Code   RO          501    .ARM.Collect$$libinit$$00000015  c_w.l(libinit2.o)
    0x00000140   0x00000140   0x00000000   Code   RO          503    .ARM.Collect$$libinit$$00000017  c_w.l(libinit2.o)
    0x00000140   0x00000140   0x00000000   Code   RO          505    .ARM.Collect$$libinit$$00000019  c_w.l(libinit2.o)
    0x00000140   0x00000140   0x00000000   Code   RO          507    .ARM.Collect$$libinit$$0000001B  c_w.l(libinit2.o)
    0x00000140   0x00000140   0x00000000   Code   RO          509    .ARM.Collect$$libinit$$0000001D  c_w.l(libinit2.o)
    0x00000140   0x00000140   0x00000000   Code   RO          511    .ARM.Collect$$libinit$$0000001F  c_w.l(libinit2.o)
    0x00000140   0x00000140   0x00000000   Code   RO          513    .ARM.Collect$$libinit$$00000021  c_w.l(libinit2.o)
    0x00000140   0x00000140   0x00000000   Code   RO          515    .ARM.Collect$$libinit$$00000023  c_w.l(libinit2.o)
    0x00000140   0x00000140   0x00000000   Code   RO          517    .ARM.Collect$$libinit$$00000025  c_w.l(libinit2.o)
    0x00000140   0x00000140   0x00000000   Code   RO          521    .ARM.Collect$$libinit$$0000002C  c_w.l(libinit2.o)
    0x00000140   0x00000140   0x00000000   Code   RO          523    .ARM.Collect$$libinit$$0000002E  c_w.l(libinit2.o)
    0x00000140   0x00000140   0x00000000   Code   RO          525    .ARM.Collect$$libinit$$00000030  c_w.l(libinit2.o)
    0x00000140   0x00000140   0x00000000   Code   RO          527    .ARM.Collect$$libinit$$00000032  c_w.l(libinit2.o)
    0x00000140   0x00000140   0x00000002   Code   RO          528    .ARM.Collect$$libinit$$00000033  c_w.l(libinit2.o)
    0x00000142   0x00000142   0x00000002   Code   RO          548    .ARM.Collect$$libshutdown$$00000000  c_w.l(libshutdown.o)
    0x00000144   0x00000144   0x00000000   Code   RO          561    .ARM.Collect$$libshutdown$$00000002  c_w.l(libshutdown2.o)
    0x00000144   0x00000144   0x00000000   Code   RO          563    .ARM.Collect$$libshutdown$$00000004  c_w.l(libshutdown2.o)
    0x00000144   0x00000144   0x00000000   Code   RO          565    .ARM.Collect$$libshutdown$$00000006  c_w.l(libshutdown2.o)
    0x00000144   0x00000144   0x00000000   Code   RO          568    .ARM.Collect$$libshutdown$$00000009  c_w.l(libshutdown2.o)
    0x00000144   0x00000144   0x00000000   Code   RO          571    .ARM.Collect$$libshutdown$$0000000C  c_w.l(libshutdown2.o)
    0x00000144   0x00000144   0x00000000   Code   RO          573    .ARM.Collect$$libshutdown$$0000000E  c_w.l(libshutdown2.o)
    0x00000144   0x00000144   0x00000000   Code   RO          576    .ARM.Collect$$libshutdown$$00000011  c_w.l(libshutdown2.o)
    0x00000144   0x00000144   0x00000002   Code   RO          577    .ARM.Collect$$libshutdown$$00000012  c_w.l(libshutdown2.o)
    0x00000146   0x00000146   0x00000000   Code   RO          444    .ARM.Collect$$rtentry$$00000000  c_w.l(__rtentry.o)
    0x00000146   0x00000146   0x00000000   Code   RO          453    .ARM.Collect$$rtentry$$00000002  c_w.l(__rtentry2.o)
    0x00000146   0x00000146   0x00000006   Code   RO          465    .ARM.Collect$$rtentry$$00000004  c_w.l(__rtentry4.o)
    0x0000014c   0x0000014c   0x00000000   Code   RO          455    .ARM.Collect$$rtentry$$00000009  c_w.l(__rtentry2.o)
    0x0000014c   0x0000014c   0x00000004   Code   RO          456    .ARM.Collect$$rtentry$$0000000A  c_w.l(__rtentry2.o)
    0x00000150   0x00000150   0x00000000   Code   RO          458    .ARM.Collect$$rtentry$$0000000C  c_w.l(__rtentry2.o)
    0x00000150   0x00000150   0x00000008   Code   RO          459    .ARM.Collect$$rtentry$$0000000D  c_w.l(__rtentry2.o)
    0x00000158   0x00000158   0x00000002   Code   RO          482    .ARM.Collect$$rtexit$$00000000  c_w.l(rtexit.o)
    0x0000015a   0x0000015a   0x00000000   Code   RO          530    .ARM.Collect$$rtexit$$00000002  c_w.l(rtexit2.o)
    0x0000015a   0x0000015a   0x00000004   Code   RO          531    .ARM.Collect$$rtexit$$00000003  c_w.l(rtexit2.o)
    0x0000015e   0x0000015e   0x00000006   Code   RO          532    .ARM.Collect$$rtexit$$00000004  c_w.l(rtexit2.o)
    0x00000164   0x00000164   0x00000018   Code   RO            3    .text               system_arty_cm3.o
    0x0000017c   0x0000017c   0x00000040   Code   RO           50  * .text               startup_arty_cm3.o
    0x000001bc   0x000001bc   0x00000002   Code   RO           69    .text               print.o
    0x000001be   0x000001be   0x00000002   PAD
    0x000001c0   0x000001c0   0x00000034   Code   RO          103    .text               xil_assert.o
    0x000001f4   0x000001f4   0x00000370   Code   RO          129    .text               main.o
    0x00000564   0x00000564   0x000000a0   Code   RO          238    .text               gpio.o
    0x00000604   0x00000604   0x00000240   Code   RO          286    .text               xgpio.o
    0x00000844   0x00000844   0x00000348   Code   RO          334    .text               xgpio_intr.o
    0x00000b8c   0x00000b8c   0x00000074   Code   RO          360    .text               xgpio_sinit.o
    0x00000c00   0x00000c00   0x000008c8   Code   RO          373    .text               aes_128_cbc.o
    0x000014c8   0x000014c8   0x00000028   Code   RO          389    .text               c_w.l(noretval__2sprintf.o)
    0x000014f0   0x000014f0   0x00000068   Code   RO          391    .text               c_w.l(__printf.o)
    0x00001558   0x00001558   0x00000058   Code   RO          396    .text               c_w.l(_printf_hex_int.o)
    0x000015b0   0x000015b0   0x00000048   Code   RO          436    .text               c_w.l(strcpy.o)
    0x000015f8   0x000015f8   0x00000064   Code   RO          438    .text               c_w.l(rt_memcpy_w.o)
    0x0000165c   0x0000165c   0x00000006   Code   RO          440    .text               c_w.l(heapauxi.o)
    0x00001662   0x00001662   0x000000b2   Code   RO          445    .text               c_w.l(_printf_intcommon.o)
    0x00001714   0x00001714   0x00000030   Code   RO          447    .text               c_w.l(_printf_char_common.o)
    0x00001744   0x00001744   0x0000000a   Code   RO          449    .text               c_w.l(_sputc.o)
    0x0000174e   0x0000174e   0x0000004a   Code   RO          469    .text               c_w.l(sys_stackheap_outer.o)
    0x00001798   0x00001798   0x00000012   Code   RO          471    .text               c_w.l(exit.o)
    0x000017aa   0x000017aa   0x00000002   PAD
    0x000017ac   0x000017ac   0x00000008   Code   RO          479    .text               c_w.l(libspace.o)
    0x000017b4   0x000017b4   0x0000000c   Code   RO          540    .text               c_w.l(sys_exit.o)
    0x000017c0   0x000017c0   0x00000002   Code   RO          551    .text               c_w.l(use_no_semi.o)
    0x000017c2   0x000017c2   0x00000000   Code   RO          553    .text               c_w.l(indicate_semi.o)
    0x000017c2   0x000017c2   0x0000020b   Data   RO          130    .constdata          main.o
    0x000019cd   0x000019cd   0x00000028   Data   RO          397    .constdata          c_w.l(_printf_hex_int.o)
    0x000019f5   0x000019f5   0x00000003   PAD
    0x000019f8   0x000019f8   0x0000004b   Data   RO          287    .conststring        xgpio.o
    0x00001a43   0x00001a43   0x00000001   PAD
    0x00001a44   0x00001a44   0x00000050   Data   RO          335    .conststring        xgpio_intr.o
    0x00001a94   0x00001a94   0x00000051   Data   RO          361    .conststring        xgpio_sinit.o
    0x00001ae5   0x00001ae5   0x00000003   PAD
    0x00001ae8   0x00001ae8   0x00000020   Data   RO          608    Region$$Table       anon$$obj.o


    Execution Region RW_IRAM1 (Exec base: 0x20000000, Load base: 0x00001b08, Size: 0x00001098, Max: 0x00008000, ABSOLUTE)

    Exec Addr    Load Addr    Size         Type   Attr      Idx    E Section Name        Object

    0x20000000   0x00001b08   0x00000004   Data   RW            4    .data               system_arty_cm3.o
    0x20000004   0x00001b0c   0x0000000c   Data   RW          104    .data               xil_assert.o
    0x20000010   0x00001b18   0x00000004   Data   RW          240    .data               gpio.o
    0x20000014   0x00001b1c   0x00000010   Data   RW          325    .data               xgpio_g.o
    0x20000024        -       0x00000010   Zero   RW          239    .bss                gpio.o
    0x20000034        -       0x00000060   Zero   RW          480    .bss                c_w.l(libspace.o)
    0x20000094   0x00001b2c   0x00000004   PAD
    0x20000098        -       0x00000c00   Zero   RW           48    HEAP                startup_arty_cm3.o
    0x20000c98        -       0x00000400   Zero   RW           47    STACK               startup_arty_cm3.o


==============================================================================

Image component sizes


      Code (inc. data)   RO Data    RW Data    ZI Data      Debug   Object Name

      2248          0          0          0          0       5696   aes_128_cbc.o
       160         14          0          4         16      25976   gpio.o
       880        196        523          0          0      27238   main.o
         2          0          0          0          0       3204   print.o
        64         26        192          0       4096        928   startup_arty_cm3.o
        24          8          0          4          0       6637   system_arty_cm3.o
       576         10         75          0          0       5303   xgpio.o
         0          0          0         16          0        884   xgpio_g.o
       840         10         80          0          0       3400   xgpio_intr.o
       116         14         81          0          0       1666   xgpio_sinit.o
        52         10          0         12          0       4926   xil_assert.o

    ----------------------------------------------------------------------
      4964        288        987         36       4112      85858   Object Totals
         0          0         32          0          0          0   (incl. Generated)
         2          0          4          0          0          0   (incl. Padding)

    ----------------------------------------------------------------------

      Code (inc. data)   RO Data    RW Data    ZI Data      Debug   Library Member Name

         8          0          0          0          0         68   __main.o
       104          0          0          0          0         84   __printf.o
         0          0          0          0          0          0   __rtentry.o
        12          0          0          0          0          0   __rtentry2.o
         6          0          0          0          0          0   __rtentry4.o
        52          8          0          0          0          0   __scatter.o
        26          0          0          0          0          0   __scatter_copy.o
        28          0          0          0          0          0   __scatter_zi.o
        48          6          0          0          0         96   _printf_char_common.o
        88          4         40          0          0         88   _printf_hex_int.o
       178          0          0          0          0         88   _printf_intcommon.o
         0          0          0          0          0          0   _printf_percent.o
         4          0          0          0          0          0   _printf_percent_end.o
         6          0          0          0          0          0   _printf_x.o
        10          0          0          0          0         68   _sputc.o
        18          0          0          0          0         80   exit.o
         6          0          0          0          0        152   heapauxi.o
         0          0          0          0          0          0   indicate_semi.o
         2          0          0          0          0          0   libinit.o
         2          0          0          0          0          0   libinit2.o
         2          0          0          0          0          0   libshutdown.o
         2          0          0          0          0          0   libshutdown2.o
         8          4          0          0         96         68   libspace.o
        40          6          0          0          0         84   noretval__2sprintf.o
       100          0          0          0          0         80   rt_memcpy_w.o
         2          0          0          0          0          0   rtexit.o
        10          0          0          0          0          0   rtexit2.o
        72          0          0          0          0         80   strcpy.o
        12          4          0          0          0         68   sys_exit.o
        74          0          0          0          0         80   sys_stackheap_outer.o
         2          0          0          0          0         68   use_no_semi.o

    ----------------------------------------------------------------------
       926         32         43          0        100       1252   Library Totals
         4          0          3          0          4          0   (incl. Padding)

    ----------------------------------------------------------------------

      Code (inc. data)   RO Data    RW Data    ZI Data      Debug   Library Name

       922         32         40          0         96       1252   c_w.l

    ----------------------------------------------------------------------
       926         32         43          0        100       1252   Library Totals

    ----------------------------------------------------------------------

==============================================================================


      Code (inc. data)   RO Data    RW Data    ZI Data      Debug   

      5890        320       1030         36       4212      86014   Grand Totals
      5890        320       1030         36       4212      86014   ELF Image Totals
      5890        320       1030         36          0          0   ROM Totals

==============================================================================

    Total RO  Size (Code + RO Data)                 6920 (   6.76kB)
    Total RW  Size (RW Data + ZI Data)              4248 (   4.15kB)
    Total ROM Size (Code + RO Data + RW Data)       6956 (   6.79kB)

==============================================================================

