Component: ARM Compiler 5.06 update 7 (build 960) Tool: armlink [4d3601]

==============================================================================

Section Cross References

    system_arty_cm3.o(.text) refers to system_arty_cm3.o(.data) for SystemCoreClock
    startup_arty_cm3.o(STACK) refers (Special) to heapauxi.o(.text) for __use_two_region_memory
    startup_arty_cm3.o(HEAP) refers (Special) to heapauxi.o(.text) for __use_two_region_memory
    startup_arty_cm3.o(RESET) refers (Special) to heapauxi.o(.text) for __use_two_region_memory
    startup_arty_cm3.o(RESET) refers to startup_arty_cm3.o(STACK) for __initial_sp
    startup_arty_cm3.o(RESET) refers to startup_arty_cm3.o(.text) for Reset_Handler
    startup_arty_cm3.o(RESET) refers to gpio.o(.text) for GPIO0_Handler
    startup_arty_cm3.o(.text) refers (Special) to heapauxi.o(.text) for __use_two_region_memory
    startup_arty_cm3.o(.text) refers to system_arty_cm3.o(.text) for SystemInit
    startup_arty_cm3.o(.text) refers to __main.o(!!!main) for __main
    startup_arty_cm3.o(.text) refers to startup_arty_cm3.o(HEAP) for Heap_Mem
    startup_arty_cm3.o(.text) refers to startup_arty_cm3.o(STACK) for Stack_Mem
    xil_assert.o(.text) refers to xil_assert.o(.data) for Xil_AssertCallbackRoutine
    main.o(.text) refers to _printf_percent.o(.ARM.Collect$$_printf_percent$$00000000) for _printf_percent
    main.o(.text) refers to _printf_x.o(.ARM.Collect$$_printf_percent$$0000000C) for _printf_x
    main.o(.text) refers to _printf_hex_int.o(.text) for _printf_longlong_hex
    main.o(.text) refers to rt_memcpy_w.o(.text) for __aeabi_memcpy4
    main.o(.text) refers to eventrecorder.o(.text) for EventRecorderInitialize
    main.o(.text) refers to gpio.o(.text) for InitialiseGPIO
    main.o(.text) refers to print.o(.text) for print
    main.o(.text) refers to strcpy.o(.text) for strcpy
    main.o(.text) refers to noretval__2sprintf.o(.text) for __2sprintf
    main.o(.text) refers to aes_128_cbc.o(.text) for AES_init_ctx_iv
    main.o(.text) refers to main.o(.constdata) for sbox
    atomic.o(.text) refers to atomic_asm.o(.text) for atomic_test
    gpio.o(.text) refers to xgpio_sinit.o(.text) for XGpio_Initialize
    gpio.o(.text) refers to xgpio.o(.text) for XGpio_SetDataDirection
    gpio.o(.text) refers to xgpio_intr.o(.text) for XGpio_InterruptEnable
    gpio.o(.text) refers to gpio.o(.bss) for Gpio_Led_PB
    gpio.o(.text) refers to gpio.o(.data) for button
    xgpio.o(.text) refers to xil_assert.o(.text) for Xil_Assert
    xgpio.o(.text) refers to xil_assert.o(.data) for Xil_AssertStatus
    xgpio.o(.text) refers to xgpio.o(.conststring) for .conststring
    xgpio_extra.o(.text) refers to xil_assert.o(.text) for Xil_Assert
    xgpio_extra.o(.text) refers to xil_assert.o(.data) for Xil_AssertStatus
    xgpio_extra.o(.text) refers to xgpio_extra.o(.conststring) for .conststring
    xgpio_intr.o(.text) refers to xil_assert.o(.text) for Xil_Assert
    xgpio_intr.o(.text) refers to xil_assert.o(.data) for Xil_AssertStatus
    xgpio_intr.o(.text) refers to xgpio_intr.o(.conststring) for .conststring
    xgpio_selftest.o(.text) refers to xil_assert.o(.text) for Xil_Assert
    xgpio_selftest.o(.text) refers to xgpio.o(.text) for XGpio_DiscreteRead
    xgpio_selftest.o(.text) refers to xil_assert.o(.data) for Xil_AssertStatus
    xgpio_selftest.o(.text) refers to xgpio_selftest.o(.conststring) for .conststring
    xgpio_sinit.o(.text) refers to xil_assert.o(.text) for Xil_Assert
    xgpio_sinit.o(.text) refers to xgpio.o(.text) for XGpio_CfgInitialize
    xgpio_sinit.o(.text) refers to xgpio_g.o(.data) for XGpio_ConfigTable
    xgpio_sinit.o(.text) refers to xil_assert.o(.data) for Xil_AssertStatus
    xgpio_sinit.o(.text) refers to xgpio_sinit.o(.conststring) for .conststring
    eventrecorder.o(.text) refers to eventrecorder.o(.emb_text) for __asm___15_EventRecorder_c_e8d3082c__atomic_inc32
    eventrecorder.o(.text) refers to rt_memclr_w.o(.text) for __aeabi_memclr4
    eventrecorder.o(.text) refers to eventrecorder.o(.bss.noinit) for EventStatus
    eventrecorder.o(.text) refers to system_arty_cm3.o(.data) for SystemCoreClock
    eventrecorder.o(.text) refers to eventrecorder.o(.constdata) for EventRecorderInfo
    eventrecorder.o(.text) refers to rt_memcpy_v6.o(.text) for __aeabi_memcpy
    eventrecorder.o(.constdata) refers to eventrecorder.o(.bss.noinit) for EventBuffer
    retarget_io.o(.text) refers to eventrecorder.o(.text) for EventRecordData
    retarget_io.o(.text) refers to strcmpv7m.o(.text) for strcmp
    retarget_io.o(.text) refers to retarget_io.o(.data) for index
    __2sprintf.o(.text) refers to _printf_char_common.o(.text) for _printf_char_common
    __2sprintf.o(.text) refers to _sputc.o(.text) for _sputc
    noretval__2sprintf.o(.text) refers to _printf_char_common.o(.text) for _printf_char_common
    noretval__2sprintf.o(.text) refers to _sputc.o(.text) for _sputc
    __printf.o(.text) refers to _printf_percent.o(.ARM.Collect$$_printf_percent$$00000000) for _printf_percent
    _printf_hex_ll.o(.text) refers to _printf_intcommon.o(.text) for _printf_int_common
    _printf_hex_ll.o(.text) refers to _printf_hex_ll.o(.constdata) for .constdata
    _printf_hex_int.o(.text) refers to _printf_intcommon.o(.text) for _printf_int_common
    _printf_hex_int.o(.text) refers to _printf_hex_int.o(.constdata) for .constdata
    _printf_hex_int_ll.o(.text) refers to _printf_intcommon.o(.text) for _printf_int_common
    _printf_hex_int_ll.o(.text) refers to _printf_hex_int_ll.o(.constdata) for .constdata
    _printf_hex_ptr.o(.text) refers to _printf_intcommon.o(.text) for _printf_int_common
    _printf_hex_ptr.o(.text) refers to _printf_hex_ptr.o(.constdata) for .constdata
    _printf_hex_int_ptr.o(.text) refers to _printf_intcommon.o(.text) for _printf_int_common
    _printf_hex_int_ptr.o(.text) refers to _printf_hex_int_ptr.o(.constdata) for .constdata
    _printf_hex_ll_ptr.o(.text) refers to _printf_intcommon.o(.text) for _printf_int_common
    _printf_hex_ll_ptr.o(.text) refers to _printf_hex_ll_ptr.o(.constdata) for .constdata
    _printf_hex_int_ll_ptr.o(.text) refers to _printf_intcommon.o(.text) for _printf_int_common
    _printf_hex_int_ll_ptr.o(.text) refers to _printf_hex_int_ll_ptr.o(.constdata) for .constdata
    __printf_flags.o(.text) refers to _printf_percent.o(.ARM.Collect$$_printf_percent$$00000000) for _printf_percent
    __printf_flags.o(.text) refers to __printf_flags.o(.constdata) for .constdata
    __printf_ss.o(.text) refers to _printf_percent.o(.ARM.Collect$$_printf_percent$$00000000) for _printf_percent
    __printf_flags_ss.o(.text) refers to _printf_percent.o(.ARM.Collect$$_printf_percent$$00000000) for _printf_percent
    __printf_flags_ss.o(.text) refers to __printf_flags_ss.o(.constdata) for .constdata
    __printf_wp.o(.text) refers to __printf_wp.o(i._is_digit) for _is_digit
    __printf_wp.o(.text) refers to _printf_percent.o(.ARM.Collect$$_printf_percent$$00000000) for _printf_percent
    __printf_flags_wp.o(.text) refers to __printf_wp.o(i._is_digit) for _is_digit
    __printf_flags_wp.o(.text) refers to _printf_percent.o(.ARM.Collect$$_printf_percent$$00000000) for _printf_percent
    __printf_flags_wp.o(.text) refers to __printf_flags_wp.o(.constdata) for .constdata
    __printf_ss_wp.o(.text) refers to __printf_wp.o(i._is_digit) for _is_digit
    __printf_ss_wp.o(.text) refers to _printf_percent.o(.ARM.Collect$$_printf_percent$$00000000) for _printf_percent
    __printf_flags_ss_wp.o(.text) refers to __printf_wp.o(i._is_digit) for _is_digit
    __printf_flags_ss_wp.o(.text) refers to _printf_percent.o(.ARM.Collect$$_printf_percent$$00000000) for _printf_percent
    __printf_flags_ss_wp.o(.text) refers to __printf_flags_ss_wp.o(.constdata) for .constdata
    _printf_x.o(.ARM.Collect$$_printf_percent$$0000000C) refers (Weak) to _printf_hex_int.o(.text) for _printf_int_hex
    _printf_percent.o(.ARM.Collect$$_printf_percent$$00000000) refers (Special) to _printf_percent_end.o(.ARM.Collect$$_printf_percent$$00000017) for _printf_percent_end
    rt_memcpy_v6.o(.text) refers to rt_memcpy_w.o(.text) for __aeabi_memcpy4
    __main.o(!!!main) refers to __rtentry.o(.ARM.Collect$$rtentry$$00000000) for __rt_entry
    __rtentry.o(.ARM.Collect$$rtentry$$00000000) refers (Special) to __rtentry2.o(.ARM.Collect$$rtentry$$0000000A) for __rt_entry_li
    __rtentry.o(.ARM.Collect$$rtentry$$00000000) refers (Special) to __rtentry2.o(.ARM.Collect$$rtentry$$0000000D) for __rt_entry_main
    __rtentry.o(.ARM.Collect$$rtentry$$00000000) refers (Special) to __rtentry2.o(.ARM.Collect$$rtentry$$0000000C) for __rt_entry_postli_1
    __rtentry.o(.ARM.Collect$$rtentry$$00000000) refers (Special) to __rtentry2.o(.ARM.Collect$$rtentry$$00000009) for __rt_entry_postsh_1
    __rtentry.o(.ARM.Collect$$rtentry$$00000000) refers (Special) to __rtentry2.o(.ARM.Collect$$rtentry$$00000002) for __rt_entry_presh_1
    __rtentry.o(.ARM.Collect$$rtentry$$00000000) refers (Special) to __rtentry4.o(.ARM.Collect$$rtentry$$00000004) for __rt_entry_sh
    _printf_char_common.o(.text) refers to __printf.o(.text) for __printf
    __rtentry2.o(.ARM.Collect$$rtentry$$00000008) refers to boardinit2.o(.text) for _platform_post_stackheap_init
    __rtentry2.o(.ARM.Collect$$rtentry$$0000000A) refers to libinit.o(.ARM.Collect$$libinit$$00000000) for __rt_lib_init
    __rtentry2.o(.ARM.Collect$$rtentry$$0000000B) refers to boardinit3.o(.text) for _platform_post_lib_init
    __rtentry2.o(.ARM.Collect$$rtentry$$0000000D) refers to main.o(.text) for main
    __rtentry2.o(.ARM.Collect$$rtentry$$0000000D) refers to exit.o(.text) for exit
    __rtentry2.o(.ARM.exidx) refers to __rtentry2.o(.ARM.Collect$$rtentry$$00000001) for .ARM.Collect$$rtentry$$00000001
    __rtentry2.o(.ARM.exidx) refers to __rtentry2.o(.ARM.Collect$$rtentry$$00000008) for .ARM.Collect$$rtentry$$00000008
    __rtentry2.o(.ARM.exidx) refers to __rtentry2.o(.ARM.Collect$$rtentry$$0000000A) for .ARM.Collect$$rtentry$$0000000A
    __rtentry2.o(.ARM.exidx) refers to __rtentry2.o(.ARM.Collect$$rtentry$$0000000B) for .ARM.Collect$$rtentry$$0000000B
    __rtentry2.o(.ARM.exidx) refers to __rtentry2.o(.ARM.Collect$$rtentry$$0000000D) for .ARM.Collect$$rtentry$$0000000D
    __rtentry4.o(.ARM.Collect$$rtentry$$00000004) refers to sys_stackheap_outer.o(.text) for __user_setup_stackheap
    __rtentry4.o(.ARM.exidx) refers to __rtentry4.o(.ARM.Collect$$rtentry$$00000004) for .ARM.Collect$$rtentry$$00000004
    sys_stackheap_outer.o(.text) refers to libspace.o(.text) for __user_perproc_libspace
    sys_stackheap_outer.o(.text) refers to startup_arty_cm3.o(.text) for __user_initial_stackheap
    exit.o(.text) refers to rtexit.o(.ARM.Collect$$rtexit$$00000000) for __rt_exit
    libinit.o(.ARM.Collect$$libinit$$00000000) refers (Special) to libinit2.o(.ARM.Collect$$libinit$$0000002E) for __rt_lib_init_alloca_1
    libinit.o(.ARM.Collect$$libinit$$00000000) refers (Special) to libinit2.o(.ARM.Collect$$libinit$$0000002C) for __rt_lib_init_argv_1
    libinit.o(.ARM.Collect$$libinit$$00000000) refers (Special) to libinit2.o(.ARM.Collect$$libinit$$0000001B) for __rt_lib_init_atexit_1
    libinit.o(.ARM.Collect$$libinit$$00000000) refers (Special) to libinit2.o(.ARM.Collect$$libinit$$00000021) for __rt_lib_init_clock_1
    libinit.o(.ARM.Collect$$libinit$$00000000) refers (Special) to libinit2.o(.ARM.Collect$$libinit$$00000032) for __rt_lib_init_cpp_1
    libinit.o(.ARM.Collect$$libinit$$00000000) refers (Special) to libinit2.o(.ARM.Collect$$libinit$$00000030) for __rt_lib_init_exceptions_1
    libinit.o(.ARM.Collect$$libinit$$00000000) refers (Special) to libinit2.o(.ARM.Collect$$libinit$$00000002) for __rt_lib_init_fp_1
    libinit.o(.ARM.Collect$$libinit$$00000000) refers (Special) to libinit2.o(.ARM.Collect$$libinit$$0000001F) for __rt_lib_init_fp_trap_1
    libinit.o(.ARM.Collect$$libinit$$00000000) refers (Special) to libinit2.o(.ARM.Collect$$libinit$$00000023) for __rt_lib_init_getenv_1
    libinit.o(.ARM.Collect$$libinit$$00000000) refers (Special) to libinit2.o(.ARM.Collect$$libinit$$0000000A) for __rt_lib_init_heap_1
    libinit.o(.ARM.Collect$$libinit$$00000000) refers (Special) to libinit2.o(.ARM.Collect$$libinit$$00000011) for __rt_lib_init_lc_collate_1
    libinit.o(.ARM.Collect$$libinit$$00000000) refers (Special) to libinit2.o(.ARM.Collect$$libinit$$00000013) for __rt_lib_init_lc_ctype_1
    libinit.o(.ARM.Collect$$libinit$$00000000) refers (Special) to libinit2.o(.ARM.Collect$$libinit$$00000015) for __rt_lib_init_lc_monetary_1
    libinit.o(.ARM.Collect$$libinit$$00000000) refers (Special) to libinit2.o(.ARM.Collect$$libinit$$00000017) for __rt_lib_init_lc_numeric_1
    libinit.o(.ARM.Collect$$libinit$$00000000) refers (Special) to libinit2.o(.ARM.Collect$$libinit$$00000019) for __rt_lib_init_lc_time_1
    libinit.o(.ARM.Collect$$libinit$$00000000) refers (Special) to libinit2.o(.ARM.Collect$$libinit$$00000004) for __rt_lib_init_preinit_1
    libinit.o(.ARM.Collect$$libinit$$00000000) refers (Special) to libinit2.o(.ARM.Collect$$libinit$$0000000E) for __rt_lib_init_rand_1
    libinit.o(.ARM.Collect$$libinit$$00000000) refers (Special) to libinit2.o(.ARM.Collect$$libinit$$00000033) for __rt_lib_init_return
    libinit.o(.ARM.Collect$$libinit$$00000000) refers (Special) to libinit2.o(.ARM.Collect$$libinit$$0000001D) for __rt_lib_init_signal_1
    libinit.o(.ARM.Collect$$libinit$$00000000) refers (Special) to libinit2.o(.ARM.Collect$$libinit$$00000025) for __rt_lib_init_stdio_1
    libinit.o(.ARM.Collect$$libinit$$00000000) refers (Special) to libinit2.o(.ARM.Collect$$libinit$$0000000C) for __rt_lib_init_user_alloc_1
    libspace.o(.text) refers to libspace.o(.bss) for __libspace_start
    rtexit.o(.ARM.Collect$$rtexit$$00000000) refers (Special) to rtexit2.o(.ARM.Collect$$rtexit$$00000004) for __rt_exit_exit
    rtexit.o(.ARM.Collect$$rtexit$$00000000) refers (Special) to rtexit2.o(.ARM.Collect$$rtexit$$00000003) for __rt_exit_ls
    rtexit.o(.ARM.Collect$$rtexit$$00000000) refers (Special) to rtexit2.o(.ARM.Collect$$rtexit$$00000002) for __rt_exit_prels_1
    rtexit.o(.ARM.exidx) refers (Special) to rtexit2.o(.ARM.Collect$$rtexit$$00000004) for __rt_exit_exit
    rtexit.o(.ARM.exidx) refers (Special) to rtexit2.o(.ARM.Collect$$rtexit$$00000003) for __rt_exit_ls
    rtexit.o(.ARM.exidx) refers (Special) to rtexit2.o(.ARM.Collect$$rtexit$$00000002) for __rt_exit_prels_1
    rtexit.o(.ARM.exidx) refers to rtexit.o(.ARM.Collect$$rtexit$$00000000) for .ARM.Collect$$rtexit$$00000000
    libinit2.o(.ARM.Collect$$libinit$$00000010) refers to libinit2.o(.ARM.Collect$$libinit$$0000000F) for .ARM.Collect$$libinit$$0000000F
    libinit2.o(.ARM.Collect$$libinit$$00000012) refers to libinit2.o(.ARM.Collect$$libinit$$0000000F) for .ARM.Collect$$libinit$$0000000F
    libinit2.o(.ARM.Collect$$libinit$$00000014) refers to libinit2.o(.ARM.Collect$$libinit$$0000000F) for .ARM.Collect$$libinit$$0000000F
    libinit2.o(.ARM.Collect$$libinit$$00000016) refers to libinit2.o(.ARM.Collect$$libinit$$0000000F) for .ARM.Collect$$libinit$$0000000F
    libinit2.o(.ARM.Collect$$libinit$$00000018) refers to libinit2.o(.ARM.Collect$$libinit$$0000000F) for .ARM.Collect$$libinit$$0000000F
    libinit2.o(.ARM.Collect$$libinit$$00000026) refers to argv_veneer.o(.emb_text) for __ARM_argv_veneer
    libinit2.o(.ARM.Collect$$libinit$$00000027) refers to argv_veneer.o(.emb_text) for __ARM_argv_veneer
    rtexit2.o(.ARM.Collect$$rtexit$$00000003) refers to libshutdown.o(.ARM.Collect$$libshutdown$$00000000) for __rt_lib_shutdown
    rtexit2.o(.ARM.Collect$$rtexit$$00000004) refers to sys_exit.o(.text) for _sys_exit
    rtexit2.o(.ARM.exidx) refers to rtexit2.o(.ARM.Collect$$rtexit$$00000001) for .ARM.Collect$$rtexit$$00000001
    rtexit2.o(.ARM.exidx) refers to rtexit2.o(.ARM.Collect$$rtexit$$00000003) for .ARM.Collect$$rtexit$$00000003
    rtexit2.o(.ARM.exidx) refers to rtexit2.o(.ARM.Collect$$rtexit$$00000004) for .ARM.Collect$$rtexit$$00000004
    argv_veneer.o(.emb_text) refers to no_argv.o(.text) for __ARM_get_argv
    sys_exit.o(.text) refers (Special) to use_no_semi.o(.text) for __I$use$semihosting
    sys_exit.o(.text) refers (Special) to indicate_semi.o(.text) for __semihosting_library_function
    _get_argv_nomalloc.o(.text) refers (Special) to hrguard.o(.text) for __heap_region$guard
    _get_argv_nomalloc.o(.text) refers to defsig_rtmem_outer.o(.text) for __rt_SIGRTMEM
    _get_argv_nomalloc.o(.text) refers to sys_command.o(.text) for _sys_command_string
    libshutdown.o(.ARM.Collect$$libshutdown$$00000000) refers (Special) to libshutdown2.o(.ARM.Collect$$libshutdown$$00000004) for __rt_lib_shutdown_cpp_1
    libshutdown.o(.ARM.Collect$$libshutdown$$00000000) refers (Special) to libshutdown2.o(.ARM.Collect$$libshutdown$$00000002) for __rt_lib_shutdown_fini_1
    libshutdown.o(.ARM.Collect$$libshutdown$$00000000) refers (Special) to libshutdown2.o(.ARM.Collect$$libshutdown$$00000009) for __rt_lib_shutdown_fp_trap_1
    libshutdown.o(.ARM.Collect$$libshutdown$$00000000) refers (Special) to libshutdown2.o(.ARM.Collect$$libshutdown$$00000011) for __rt_lib_shutdown_heap_1
    libshutdown.o(.ARM.Collect$$libshutdown$$00000000) refers (Special) to libshutdown2.o(.ARM.Collect$$libshutdown$$00000012) for __rt_lib_shutdown_return
    libshutdown.o(.ARM.Collect$$libshutdown$$00000000) refers (Special) to libshutdown2.o(.ARM.Collect$$libshutdown$$0000000C) for __rt_lib_shutdown_signal_1
    libshutdown.o(.ARM.Collect$$libshutdown$$00000000) refers (Special) to libshutdown2.o(.ARM.Collect$$libshutdown$$00000006) for __rt_lib_shutdown_stdio_1
    libshutdown.o(.ARM.Collect$$libshutdown$$00000000) refers (Special) to libshutdown2.o(.ARM.Collect$$libshutdown$$0000000E) for __rt_lib_shutdown_user_alloc_1
    sys_command.o(.text) refers (Special) to use_no_semi.o(.text) for __I$use$semihosting
    sys_command.o(.text) refers (Special) to indicate_semi.o(.text) for __semihosting_library_function
    defsig_rtmem_outer.o(.text) refers to defsig_rtmem_inner.o(.text) for __rt_SIGRTMEM_inner
    defsig_rtmem_outer.o(.text) refers to defsig_exit.o(.text) for __sig_exit
    defsig_rtmem_formal.o(.text) refers to rt_raise.o(.text) for __rt_raise
    rt_raise.o(.text) refers to __raise.o(.text) for __raise
    rt_raise.o(.text) refers to sys_exit.o(.text) for _sys_exit
    defsig_exit.o(.text) refers to sys_exit.o(.text) for _sys_exit
    defsig_rtmem_inner.o(.text) refers to defsig_general.o(.text) for __default_signal_display
    __raise.o(.text) refers to defsig.o(CL$$defsig) for __default_signal_handler
    defsig_general.o(.text) refers to sys_wrch.o(.text) for _ttywrch
    sys_wrch.o(.text) refers (Special) to use_no_semi.o(.text) for __I$use$semihosting
    sys_wrch.o(.text) refers (Special) to indicate_semi.o(.text) for __semihosting_library_function
    defsig.o(CL$$defsig) refers to defsig_rtmem_inner.o(.text) for __rt_SIGRTMEM_inner
    defsig_abrt_inner.o(.text) refers to defsig_general.o(.text) for __default_signal_display
    defsig_fpe_inner.o(.text) refers to defsig_general.o(.text) for __default_signal_display
    defsig_rtred_inner.o(.text) refers to defsig_general.o(.text) for __default_signal_display
    defsig_stak_inner.o(.text) refers to defsig_general.o(.text) for __default_signal_display
    defsig_pvfn_inner.o(.text) refers to defsig_general.o(.text) for __default_signal_display
    defsig_cppl_inner.o(.text) refers to defsig_general.o(.text) for __default_signal_display
    defsig_segv_inner.o(.text) refers to defsig_general.o(.text) for __default_signal_display
    defsig_other.o(.text) refers to defsig_general.o(.text) for __default_signal_display


==============================================================================

Removing Unused input sections from the image.

    Removing system_arty_cm3.o(.rev16_text), (4 bytes).
    Removing system_arty_cm3.o(.revsh_text), (4 bytes).
    Removing outbyte.o(.text), (2 bytes).
    Removing main.o(.rev16_text), (4 bytes).
    Removing main.o(.revsh_text), (4 bytes).
    Removing atomic_asm.o(.text), (12 bytes).
    Removing atomic.o(.text), (28 bytes).
    Removing gpio.o(.rev16_text), (4 bytes).
    Removing gpio.o(.revsh_text), (4 bytes).
    Removing xgpio_extra.o(.text), (300 bytes).
    Removing xgpio_extra.o(.conststring), (81 bytes).
    Removing xgpio_selftest.o(.text), (88 bytes).
    Removing xgpio_selftest.o(.conststring), (84 bytes).
    Removing eventrecorder.o(.rev16_text), (4 bytes).
    Removing eventrecorder.o(.revsh_text), (4 bytes).
    Removing retarget_io.o(.text), (456 bytes).
    Removing retarget_io.o(.constdata), (23 bytes).
    Removing retarget_io.o(.data), (12 bytes).

18 unused section(s) (total 1118 bytes) removed from the image.

==============================================================================

Image Symbol Table

    Local Symbols

    Symbol Name                              Value     Ov Type        Size  Object(Section)

    RESET                                    0x00000000   Section      192  startup_arty_cm3.o(RESET)
    ../clib/angel/boardlib.s                 0x00000000   Number         0  boardinit2.o ABSOLUTE
    ../clib/angel/boardlib.s                 0x00000000   Number         0  boardinit3.o ABSOLUTE
    ../clib/angel/boardlib.s                 0x00000000   Number         0  boardshut.o ABSOLUTE
    ../clib/angel/boardlib.s                 0x00000000   Number         0  boardinit1.o ABSOLUTE
    ../clib/angel/handlers.s                 0x00000000   Number         0  __scatter_zi.o ABSOLUTE
    ../clib/angel/handlers.s                 0x00000000   Number         0  __scatter_copy.o ABSOLUTE
    ../clib/angel/kernel.s                   0x00000000   Number         0  __rtentry.o ABSOLUTE
    ../clib/angel/kernel.s                   0x00000000   Number         0  rtexit.o ABSOLUTE
    ../clib/angel/kernel.s                   0x00000000   Number         0  rtexit2.o ABSOLUTE
    ../clib/angel/kernel.s                   0x00000000   Number         0  __rtentry4.o ABSOLUTE
    ../clib/angel/kernel.s                   0x00000000   Number         0  __rtentry2.o ABSOLUTE
    ../clib/angel/rt.s                       0x00000000   Number         0  rt_raise.o ABSOLUTE
    ../clib/angel/scatter.s                  0x00000000   Number         0  __scatter.o ABSOLUTE
    ../clib/angel/startup.s                  0x00000000   Number         0  __main.o ABSOLUTE
    ../clib/angel/sys.s                      0x00000000   Number         0  sys_stackheap_outer.o ABSOLUTE
    ../clib/angel/sys.s                      0x00000000   Number         0  indicate_semi.o ABSOLUTE
    ../clib/angel/sys.s                      0x00000000   Number         0  use_no_semi.o ABSOLUTE
    ../clib/angel/sys.s                      0x00000000   Number         0  libspace.o ABSOLUTE
    ../clib/angel/sysapp.c                   0x00000000   Number         0  sys_command.o ABSOLUTE
    ../clib/angel/sysapp.c                   0x00000000   Number         0  sys_wrch.o ABSOLUTE
    ../clib/angel/sysapp.c                   0x00000000   Number         0  sys_exit.o ABSOLUTE
    ../clib/armsys.c                         0x00000000   Number         0  no_argv.o ABSOLUTE
    ../clib/armsys.c                         0x00000000   Number         0  _get_argv_nomalloc.o ABSOLUTE
    ../clib/armsys.c                         0x00000000   Number         0  argv_veneer.o ABSOLUTE
    ../clib/armsys.c                         0x00000000   Number         0  argv_veneer.o ABSOLUTE
    ../clib/heapalloc.c                      0x00000000   Number         0  hrguard.o ABSOLUTE
    ../clib/heapaux.c                        0x00000000   Number         0  heapauxi.o ABSOLUTE
    ../clib/libinit.s                        0x00000000   Number         0  libshutdown.o ABSOLUTE
    ../clib/libinit.s                        0x00000000   Number         0  libinit2.o ABSOLUTE
    ../clib/libinit.s                        0x00000000   Number         0  libinit.o ABSOLUTE
    ../clib/libinit.s                        0x00000000   Number         0  libshutdown2.o ABSOLUTE
    ../clib/memcpset.s                       0x00000000   Number         0  rt_memclr_w.o ABSOLUTE
    ../clib/memcpset.s                       0x00000000   Number         0  strcmpv7m.o ABSOLUTE
    ../clib/memcpset.s                       0x00000000   Number         0  rt_memcpy_w.o ABSOLUTE
    ../clib/memcpset.s                       0x00000000   Number         0  rt_memcpy_v6.o ABSOLUTE
    ../clib/printf.c                         0x00000000   Number         0  __printf_flags_ss_wp.o ABSOLUTE
    ../clib/printf.c                         0x00000000   Number         0  _printf_hex_ll.o ABSOLUTE
    ../clib/printf.c                         0x00000000   Number         0  _printf_intcommon.o ABSOLUTE
    ../clib/printf.c                         0x00000000   Number         0  _printf_hex_ll_ptr.o ABSOLUTE
    ../clib/printf.c                         0x00000000   Number         0  _printf_hex_int.o ABSOLUTE
    ../clib/printf.c                         0x00000000   Number         0  __2sprintf.o ABSOLUTE
    ../clib/printf.c                         0x00000000   Number         0  noretval__2sprintf.o ABSOLUTE
    ../clib/printf.c                         0x00000000   Number         0  __printf_nopercent.o ABSOLUTE
    ../clib/printf.c                         0x00000000   Number         0  __printf.o ABSOLUTE
    ../clib/printf.c                         0x00000000   Number         0  _sputc.o ABSOLUTE
    ../clib/printf.c                         0x00000000   Number         0  _printf_char_common.o ABSOLUTE
    ../clib/printf.c                         0x00000000   Number         0  _printf_hex_int_ll.o ABSOLUTE
    ../clib/printf.c                         0x00000000   Number         0  _printf_hex_ptr.o ABSOLUTE
    ../clib/printf.c                         0x00000000   Number         0  _printf_hex_int_ptr.o ABSOLUTE
    ../clib/printf.c                         0x00000000   Number         0  _printf_hex_int_ll_ptr.o ABSOLUTE
    ../clib/printf.c                         0x00000000   Number         0  __printf_flags.o ABSOLUTE
    ../clib/printf.c                         0x00000000   Number         0  __printf_ss.o ABSOLUTE
    ../clib/printf.c                         0x00000000   Number         0  __printf_flags_ss.o ABSOLUTE
    ../clib/printf.c                         0x00000000   Number         0  __printf_wp.o ABSOLUTE
    ../clib/printf.c                         0x00000000   Number         0  __printf_flags_wp.o ABSOLUTE
    ../clib/printf.c                         0x00000000   Number         0  __printf_ss_wp.o ABSOLUTE
    ../clib/printf_percent.s                 0x00000000   Number         0  _printf_percent.o ABSOLUTE
    ../clib/printf_percent.s                 0x00000000   Number         0  _printf_x.o ABSOLUTE
    ../clib/printf_percent.s                 0x00000000   Number         0  _printf_percent_end.o ABSOLUTE
    ../clib/signal.c                         0x00000000   Number         0  defsig_rtmem_formal.o ABSOLUTE
    ../clib/signal.c                         0x00000000   Number         0  defsig_rtmem_outer.o ABSOLUTE
    ../clib/signal.c                         0x00000000   Number         0  defsig_other.o ABSOLUTE
    ../clib/signal.c                         0x00000000   Number         0  defsig_segv_inner.o ABSOLUTE
    ../clib/signal.c                         0x00000000   Number         0  defsig_cppl_inner.o ABSOLUTE
    ../clib/signal.c                         0x00000000   Number         0  defsig_pvfn_inner.o ABSOLUTE
    ../clib/signal.c                         0x00000000   Number         0  defsig_stak_inner.o ABSOLUTE
    ../clib/signal.c                         0x00000000   Number         0  defsig_rtred_inner.o ABSOLUTE
    ../clib/signal.c                         0x00000000   Number         0  defsig_fpe_inner.o ABSOLUTE
    ../clib/signal.c                         0x00000000   Number         0  defsig_abrt_inner.o ABSOLUTE
    ../clib/signal.c                         0x00000000   Number         0  defsig_general.o ABSOLUTE
    ../clib/signal.c                         0x00000000   Number         0  __raise.o ABSOLUTE
    ../clib/signal.c                         0x00000000   Number         0  defsig_rtmem_inner.o ABSOLUTE
    ../clib/signal.c                         0x00000000   Number         0  defsig_exit.o ABSOLUTE
    ../clib/signal.s                         0x00000000   Number         0  defsig.o ABSOLUTE
    ../clib/stdlib.c                         0x00000000   Number         0  exit.o ABSOLUTE
    ../clib/string.c                         0x00000000   Number         0  strcpy.o ABSOLUTE
    ../fplib/fpinit.s                        0x00000000   Number         0  fpinit.o ABSOLUTE
    ..\\cmsis\\Device\\Source\\ARTY_CM3\\system_ARTY_CM3.c 0x00000000   Number         0  system_arty_cm3.o ABSOLUTE
    ..\\gpio\\gpio.c                         0x00000000   Number         0  gpio.o ABSOLUTE
    ..\\main\\main.c                         0x00000000   Number         0  main.o ABSOLUTE
    ..\aes\aes_128_CBC.c                     0x00000000   Number         0  aes_128_cbc.o ABSOLUTE
    ..\cmsis\Device\Source\ARTY_CM3\ARM\startup_ARTY_CM3.s 0x00000000   Number         0  startup_arty_cm3.o ABSOLUTE
    ..\cmsis\Device\Source\ARTY_CM3\system_ARTY_CM3.c 0x00000000   Number         0  system_arty_cm3.o ABSOLUTE
    ..\gpio\gpio.c                           0x00000000   Number         0  gpio.o ABSOLUTE
    ..\main\atomic.c                         0x00000000   Number         0  atomic.o ABSOLUTE
    ..\main\atomic_asm.s                     0x00000000   Number         0  atomic_asm.o ABSOLUTE
    ..\main\main.c                           0x00000000   Number         0  main.o ABSOLUTE
    ..\sdk_workspace\standalone_bsp_0\Cortex_M3_0\libsrc\gpio_v4_4\src\xgpio.c 0x00000000   Number         0  xgpio.o ABSOLUTE
    ..\sdk_workspace\standalone_bsp_0\Cortex_M3_0\libsrc\gpio_v4_4\src\xgpio_extra.c 0x00000000   Number         0  xgpio_extra.o ABSOLUTE
    ..\sdk_workspace\standalone_bsp_0\Cortex_M3_0\libsrc\gpio_v4_4\src\xgpio_g.c 0x00000000   Number         0  xgpio_g.o ABSOLUTE
    ..\sdk_workspace\standalone_bsp_0\Cortex_M3_0\libsrc\gpio_v4_4\src\xgpio_intr.c 0x00000000   Number         0  xgpio_intr.o ABSOLUTE
    ..\sdk_workspace\standalone_bsp_0\Cortex_M3_0\libsrc\gpio_v4_4\src\xgpio_selftest.c 0x00000000   Number         0  xgpio_selftest.o ABSOLUTE
    ..\sdk_workspace\standalone_bsp_0\Cortex_M3_0\libsrc\gpio_v4_4\src\xgpio_sinit.c 0x00000000   Number         0  xgpio_sinit.o ABSOLUTE
    ..\sdk_workspace\standalone_bsp_0\Cortex_M3_0\libsrc\standalone_v6_7\src\outbyte.c 0x00000000   Number         0  outbyte.o ABSOLUTE
    ..\sdk_workspace\standalone_bsp_0\Cortex_M3_0\libsrc\standalone_v6_7\src\print.c 0x00000000   Number         0  print.o ABSOLUTE
    ..\sdk_workspace\standalone_bsp_0\Cortex_M3_0\libsrc\standalone_v6_7\src\xil_assert.c 0x00000000   Number         0  xil_assert.o ABSOLUTE
    D:\\embedded\\Keil\\ARM_Compiler\\1.6.3\\Source\\EventRecorder.c 0x00000000   Number         0  eventrecorder.o ABSOLUTE
    D:\embedded\Keil\ARM_Compiler\1.6.3\Source\EventRecorder.c 0x00000000   Number         0  eventrecorder.o ABSOLUTE
    D:\embedded\Keil\ARM_Compiler\1.6.3\Source\retarget_io.c 0x00000000   Number         0  retarget_io.o ABSOLUTE
    dc.s                                     0x00000000   Number         0  dc.o ABSOLUTE
    !!!main                                  0x000000c0   Section        8  __main.o(!!!main)
    !!!scatter                               0x000000c8   Section       52  __scatter.o(!!!scatter)
    !!handler_copy                           0x000000fc   Section       26  __scatter_copy.o(!!handler_copy)
    !!handler_zi                             0x00000118   Section       28  __scatter_zi.o(!!handler_zi)
    .ARM.Collect$$_printf_percent$$00000000  0x00000134   Section        0  _printf_percent.o(.ARM.Collect$$_printf_percent$$00000000)
    .ARM.Collect$$_printf_percent$$0000000C  0x00000134   Section        6  _printf_x.o(.ARM.Collect$$_printf_percent$$0000000C)
    .ARM.Collect$$_printf_percent$$00000017  0x0000013a   Section        4  _printf_percent_end.o(.ARM.Collect$$_printf_percent$$00000017)
    .ARM.Collect$$libinit$$00000000          0x0000013e   Section        2  libinit.o(.ARM.Collect$$libinit$$00000000)
    .ARM.Collect$$libinit$$00000002          0x00000140   Section        0  libinit2.o(.ARM.Collect$$libinit$$00000002)
    .ARM.Collect$$libinit$$00000004          0x00000140   Section        0  libinit2.o(.ARM.Collect$$libinit$$00000004)
    .ARM.Collect$$libinit$$0000000A          0x00000140   Section        0  libinit2.o(.ARM.Collect$$libinit$$0000000A)
    .ARM.Collect$$libinit$$0000000C          0x00000140   Section        0  libinit2.o(.ARM.Collect$$libinit$$0000000C)
    .ARM.Collect$$libinit$$0000000E          0x00000140   Section        0  libinit2.o(.ARM.Collect$$libinit$$0000000E)
    .ARM.Collect$$libinit$$00000011          0x00000140   Section        0  libinit2.o(.ARM.Collect$$libinit$$00000011)
    .ARM.Collect$$libinit$$00000013          0x00000140   Section        0  libinit2.o(.ARM.Collect$$libinit$$00000013)
    .ARM.Collect$$libinit$$00000015          0x00000140   Section        0  libinit2.o(.ARM.Collect$$libinit$$00000015)
    .ARM.Collect$$libinit$$00000017          0x00000140   Section        0  libinit2.o(.ARM.Collect$$libinit$$00000017)
    .ARM.Collect$$libinit$$00000019          0x00000140   Section        0  libinit2.o(.ARM.Collect$$libinit$$00000019)
    .ARM.Collect$$libinit$$0000001B          0x00000140   Section        0  libinit2.o(.ARM.Collect$$libinit$$0000001B)
    .ARM.Collect$$libinit$$0000001D          0x00000140   Section        0  libinit2.o(.ARM.Collect$$libinit$$0000001D)
    .ARM.Collect$$libinit$$0000001F          0x00000140   Section        0  libinit2.o(.ARM.Collect$$libinit$$0000001F)
    .ARM.Collect$$libinit$$00000021          0x00000140   Section        0  libinit2.o(.ARM.Collect$$libinit$$00000021)
    .ARM.Collect$$libinit$$00000023          0x00000140   Section        0  libinit2.o(.ARM.Collect$$libinit$$00000023)
    .ARM.Collect$$libinit$$00000025          0x00000140   Section        0  libinit2.o(.ARM.Collect$$libinit$$00000025)
    .ARM.Collect$$libinit$$0000002C          0x00000140   Section        0  libinit2.o(.ARM.Collect$$libinit$$0000002C)
    .ARM.Collect$$libinit$$0000002E          0x00000140   Section        0  libinit2.o(.ARM.Collect$$libinit$$0000002E)
    .ARM.Collect$$libinit$$00000030          0x00000140   Section        0  libinit2.o(.ARM.Collect$$libinit$$00000030)
    .ARM.Collect$$libinit$$00000032          0x00000140   Section        0  libinit2.o(.ARM.Collect$$libinit$$00000032)
    .ARM.Collect$$libinit$$00000033          0x00000140   Section        2  libinit2.o(.ARM.Collect$$libinit$$00000033)
    .ARM.Collect$$libshutdown$$00000000      0x00000142   Section        2  libshutdown.o(.ARM.Collect$$libshutdown$$00000000)
    .ARM.Collect$$libshutdown$$00000002      0x00000144   Section        0  libshutdown2.o(.ARM.Collect$$libshutdown$$00000002)
    .ARM.Collect$$libshutdown$$00000004      0x00000144   Section        0  libshutdown2.o(.ARM.Collect$$libshutdown$$00000004)
    .ARM.Collect$$libshutdown$$00000006      0x00000144   Section        0  libshutdown2.o(.ARM.Collect$$libshutdown$$00000006)
    .ARM.Collect$$libshutdown$$00000009      0x00000144   Section        0  libshutdown2.o(.ARM.Collect$$libshutdown$$00000009)
    .ARM.Collect$$libshutdown$$0000000C      0x00000144   Section        0  libshutdown2.o(.ARM.Collect$$libshutdown$$0000000C)
    .ARM.Collect$$libshutdown$$0000000E      0x00000144   Section        0  libshutdown2.o(.ARM.Collect$$libshutdown$$0000000E)
    .ARM.Collect$$libshutdown$$00000011      0x00000144   Section        0  libshutdown2.o(.ARM.Collect$$libshutdown$$00000011)
    .ARM.Collect$$libshutdown$$00000012      0x00000144   Section        2  libshutdown2.o(.ARM.Collect$$libshutdown$$00000012)
    .ARM.Collect$$rtentry$$00000000          0x00000146   Section        0  __rtentry.o(.ARM.Collect$$rtentry$$00000000)
    .ARM.Collect$$rtentry$$00000002          0x00000146   Section        0  __rtentry2.o(.ARM.Collect$$rtentry$$00000002)
    .ARM.Collect$$rtentry$$00000004          0x00000146   Section        6  __rtentry4.o(.ARM.Collect$$rtentry$$00000004)
    .ARM.Collect$$rtentry$$00000009          0x0000014c   Section        0  __rtentry2.o(.ARM.Collect$$rtentry$$00000009)
    .ARM.Collect$$rtentry$$0000000A          0x0000014c   Section        4  __rtentry2.o(.ARM.Collect$$rtentry$$0000000A)
    .ARM.Collect$$rtentry$$0000000C          0x00000150   Section        0  __rtentry2.o(.ARM.Collect$$rtentry$$0000000C)
    .ARM.Collect$$rtentry$$0000000D          0x00000150   Section        8  __rtentry2.o(.ARM.Collect$$rtentry$$0000000D)
    .ARM.Collect$$rtexit$$00000000           0x00000158   Section        2  rtexit.o(.ARM.Collect$$rtexit$$00000000)
    .ARM.Collect$$rtexit$$00000002           0x0000015a   Section        0  rtexit2.o(.ARM.Collect$$rtexit$$00000002)
    .ARM.Collect$$rtexit$$00000003           0x0000015a   Section        4  rtexit2.o(.ARM.Collect$$rtexit$$00000003)
    .ARM.Collect$$rtexit$$00000004           0x0000015e   Section        6  rtexit2.o(.ARM.Collect$$rtexit$$00000004)
    .emb_text                                0x00000164   Section      116  eventrecorder.o(.emb_text)
    .text                                    0x000001d8   Section        0  system_arty_cm3.o(.text)
    .text                                    0x000001f0   Section       64  startup_arty_cm3.o(.text)
    .text                                    0x00000230   Section        0  print.o(.text)
    .text                                    0x00000234   Section        0  xil_assert.o(.text)
    .text                                    0x00000268   Section        0  main.o(.text)
    .text                                    0x000005e4   Section        0  gpio.o(.text)
    .text                                    0x00000684   Section        0  xgpio.o(.text)
    Xil_Out32                                0x000008b5   Thumb Code     6  xgpio.o(.text)
    .text                                    0x000008c4   Section        0  xgpio_intr.o(.text)
    Xil_In32                                 0x00000bf7   Thumb Code     6  xgpio_intr.o(.text)
    Xil_Out32                                0x00000bfd   Thumb Code     6  xgpio_intr.o(.text)
    .text                                    0x00000c0c   Section        0  xgpio_sinit.o(.text)
    .text                                    0x00000c80   Section        0  aes_128_cbc.o(.text)
    KeyExpansion                             0x00000c81   Thumb Code   210  aes_128_cbc.o(.text)
    AddRoundKey                              0x00000d75   Thumb Code    56  aes_128_cbc.o(.text)
    SubBytes                                 0x00000dad   Thumb Code    46  aes_128_cbc.o(.text)
    ShiftRows                                0x00000ddb   Thumb Code    50  aes_128_cbc.o(.text)
    xtime                                    0x00000e0d   Thumb Code    20  aes_128_cbc.o(.text)
    MixColumns                               0x00000e21   Thumb Code   212  aes_128_cbc.o(.text)
    InvMixColumns                            0x00000ef5   Thumb Code  1184  aes_128_cbc.o(.text)
    InvSubBytes                              0x00001395   Thumb Code    46  aes_128_cbc.o(.text)
    InvShiftRows                             0x000013c3   Thumb Code    50  aes_128_cbc.o(.text)
    Cipher                                   0x000013f5   Thumb Code    84  aes_128_cbc.o(.text)
    InvCipher                                0x00001449   Thumb Code    72  aes_128_cbc.o(.text)
    XorWithIv                                0x00001491   Thumb Code    26  aes_128_cbc.o(.text)
    .text                                    0x00001548   Section        0  eventrecorder.o(.text)
    EventRecordItem                          0x00001549   Thumb Code   206  eventrecorder.o(.text)
    EventGetTS                               0x0000161d   Thumb Code    58  eventrecorder.o(.text)
    EventCheckFilter                         0x00001657   Thumb Code    34  eventrecorder.o(.text)
    crc16_ccitt                              0x00001679   Thumb Code    66  eventrecorder.o(.text)
    GetContext                               0x00001b33   Thumb Code    10  eventrecorder.o(.text)
    .text                                    0x00001b40   Section        0  noretval__2sprintf.o(.text)
    .text                                    0x00001b68   Section        0  __printf.o(.text)
    .text                                    0x00001bd0   Section        0  _printf_hex_int.o(.text)
    .text                                    0x00001c28   Section        0  strcpy.o(.text)
    .text                                    0x00001c70   Section      138  rt_memcpy_v6.o(.text)
    .text                                    0x00001cfa   Section      100  rt_memcpy_w.o(.text)
    .text                                    0x00001d5e   Section       78  rt_memclr_w.o(.text)
    .text                                    0x00001dac   Section        0  heapauxi.o(.text)
    .text                                    0x00001db2   Section        0  _printf_intcommon.o(.text)
    .text                                    0x00001e64   Section        0  _printf_char_common.o(.text)
    _printf_input_char                       0x00001e65   Thumb Code    10  _printf_char_common.o(.text)
    .text                                    0x00001e94   Section        0  _sputc.o(.text)
    .text                                    0x00001e9e   Section       74  sys_stackheap_outer.o(.text)
    .text                                    0x00001ee8   Section        0  exit.o(.text)
    .text                                    0x00001efc   Section        8  libspace.o(.text)
    .text                                    0x00001f04   Section        0  sys_exit.o(.text)
    .text                                    0x00001f10   Section        2  use_no_semi.o(.text)
    .constdata                               0x00001f12   Section      523  main.o(.constdata)
    .text                                    0x00001f12   Section        0  indicate_semi.o(.text)
    sbox                                     0x00001f12   Data         256  main.o(.constdata)
    rsbox                                    0x00002012   Data         256  main.o(.constdata)
    Rcon                                     0x00002112   Data          11  main.o(.constdata)
    .constdata                               0x00002120   Section       24  eventrecorder.o(.constdata)
    __tagsym$$used                           0x00002120   Number         0  eventrecorder.o(.constdata)
    .constdata                               0x00002138   Section       40  _printf_hex_int.o(.constdata)
    uc_hextab                                0x00002138   Data          20  _printf_hex_int.o(.constdata)
    lc_hextab                                0x0000214c   Data          20  _printf_hex_int.o(.constdata)
    .conststring                             0x00002160   Section       75  xgpio.o(.conststring)
    .conststring                             0x000021ac   Section       80  xgpio_intr.o(.conststring)
    .conststring                             0x000021fc   Section       81  xgpio_sinit.o(.conststring)
    .data                                    0x20000000   Section        4  system_arty_cm3.o(.data)
    .data                                    0x20000004   Section       12  xil_assert.o(.data)
    Xil_AssertCallbackRoutine                0x2000000c   Data           4  xil_assert.o(.data)
    .data                                    0x20000010   Section        4  gpio.o(.data)
    .data                                    0x20000014   Section       16  xgpio_g.o(.data)
    .bss                                     0x20000024   Section       16  gpio.o(.bss)
    Gpio_Led_PB                              0x20000024   Data          16  gpio.o(.bss)
    .bss                                     0x20000034   Section       96  libspace.o(.bss)
    .bss.noinit                              0x200000c0   Section     1188  eventrecorder.o(.bss.noinit)
    EventBuffer                              0x200000c0   Data        1024  eventrecorder.o(.bss.noinit)
    EventFilter                              0x200004c0   Data         128  eventrecorder.o(.bss.noinit)
    EventStatus                              0x20000540   Data          36  eventrecorder.o(.bss.noinit)
    HEAP                                     0x20000568   Section     3072  startup_arty_cm3.o(HEAP)
    Heap_Mem                                 0x20000568   Data        3072  startup_arty_cm3.o(HEAP)
    STACK                                    0x20001168   Section     1024  startup_arty_cm3.o(STACK)
    Stack_Mem                                0x20001168   Data        1024  startup_arty_cm3.o(STACK)
    __initial_sp                             0x20001568   Data           0  startup_arty_cm3.o(STACK)

    Global Symbols

    Symbol Name                              Value     Ov Type        Size  Object(Section)

    BuildAttributes$$THM_ISAv4$P$D$K$B$S$PE$A:L22UL41UL21$X:L11$S22US41US21$IEEE1$IW$USESV6$~STKCKD$USESV7$~SHL$OSPACE$ROPI$EBA8$UX$STANDARDLIB$REQ8$PRES8$EABIv2 0x00000000   Number         0  anon$$obj.o ABSOLUTE
    __ARM_use_no_argv                        0x00000000   Number         0  main.o ABSOLUTE
    __Vectors                                0x00000000   Data           4  startup_arty_cm3.o(RESET)
    __ARM_exceptions_init                     - Undefined Weak Reference
    __alloca_initialize                       - Undefined Weak Reference
    __arm_fini_                               - Undefined Weak Reference
    __arm_preinit_                            - Undefined Weak Reference
    __cpp_initialize__aeabi_                  - Undefined Weak Reference
    __cxa_finalize                            - Undefined Weak Reference
    __rt_locale                               - Undefined Weak Reference
    __sigvec_lookup                           - Undefined Weak Reference
    _atexit_init                              - Undefined Weak Reference
    _call_atexit_fns                          - Undefined Weak Reference
    _clock_init                               - Undefined Weak Reference
    _fp_trap_init                             - Undefined Weak Reference
    _fp_trap_shutdown                         - Undefined Weak Reference
    _get_lc_collate                           - Undefined Weak Reference
    _get_lc_ctype                             - Undefined Weak Reference
    _get_lc_monetary                          - Undefined Weak Reference
    _get_lc_numeric                           - Undefined Weak Reference
    _get_lc_time                              - Undefined Weak Reference
    _getenv_init                              - Undefined Weak Reference
    _handle_redirection                       - Undefined Weak Reference
    _init_alloc                               - Undefined Weak Reference
    _init_user_alloc                          - Undefined Weak Reference
    _initio                                   - Undefined Weak Reference
    _printf_post_padding                      - Undefined Weak Reference
    _printf_pre_padding                       - Undefined Weak Reference
    _printf_truncate_unsigned                 - Undefined Weak Reference
    _rand_init                                - Undefined Weak Reference
    _signal_finish                            - Undefined Weak Reference
    _signal_init                              - Undefined Weak Reference
    _terminate_alloc                          - Undefined Weak Reference
    _terminate_user_alloc                     - Undefined Weak Reference
    _terminateio                              - Undefined Weak Reference
    __Vectors_End                            0x000000c0   Data           0  startup_arty_cm3.o(RESET)
    __Vectors_Size                           0x000000c0   Number         0  startup_arty_cm3.o ABSOLUTE
    __main                                   0x000000c1   Thumb Code     8  __main.o(!!!main)
    __scatterload                            0x000000c9   Thumb Code     0  __scatter.o(!!!scatter)
    __scatterload_rt2                        0x000000c9   Thumb Code    44  __scatter.o(!!!scatter)
    __scatterload_rt2_thumb_only             0x000000c9   Thumb Code     0  __scatter.o(!!!scatter)
    __scatterload_null                       0x000000d7   Thumb Code     0  __scatter.o(!!!scatter)
    __scatterload_copy                       0x000000fd   Thumb Code    26  __scatter_copy.o(!!handler_copy)
    __scatterload_zeroinit                   0x00000119   Thumb Code    28  __scatter_zi.o(!!handler_zi)
    _printf_percent                          0x00000135   Thumb Code     0  _printf_percent.o(.ARM.Collect$$_printf_percent$$00000000)
    _printf_x                                0x00000135   Thumb Code     0  _printf_x.o(.ARM.Collect$$_printf_percent$$0000000C)
    _printf_percent_end                      0x0000013b   Thumb Code     0  _printf_percent_end.o(.ARM.Collect$$_printf_percent$$00000017)
    __rt_lib_init                            0x0000013f   Thumb Code     0  libinit.o(.ARM.Collect$$libinit$$00000000)
    __rt_lib_init_alloca_1                   0x00000141   Thumb Code     0  libinit2.o(.ARM.Collect$$libinit$$0000002E)
    __rt_lib_init_argv_1                     0x00000141   Thumb Code     0  libinit2.o(.ARM.Collect$$libinit$$0000002C)
    __rt_lib_init_atexit_1                   0x00000141   Thumb Code     0  libinit2.o(.ARM.Collect$$libinit$$0000001B)
    __rt_lib_init_clock_1                    0x00000141   Thumb Code     0  libinit2.o(.ARM.Collect$$libinit$$00000021)
    __rt_lib_init_cpp_1                      0x00000141   Thumb Code     0  libinit2.o(.ARM.Collect$$libinit$$00000032)
    __rt_lib_init_exceptions_1               0x00000141   Thumb Code     0  libinit2.o(.ARM.Collect$$libinit$$00000030)
    __rt_lib_init_fp_1                       0x00000141   Thumb Code     0  libinit2.o(.ARM.Collect$$libinit$$00000002)
    __rt_lib_init_fp_trap_1                  0x00000141   Thumb Code     0  libinit2.o(.ARM.Collect$$libinit$$0000001F)
    __rt_lib_init_getenv_1                   0x00000141   Thumb Code     0  libinit2.o(.ARM.Collect$$libinit$$00000023)
    __rt_lib_init_heap_1                     0x00000141   Thumb Code     0  libinit2.o(.ARM.Collect$$libinit$$0000000A)
    __rt_lib_init_lc_collate_1               0x00000141   Thumb Code     0  libinit2.o(.ARM.Collect$$libinit$$00000011)
    __rt_lib_init_lc_ctype_1                 0x00000141   Thumb Code     0  libinit2.o(.ARM.Collect$$libinit$$00000013)
    __rt_lib_init_lc_monetary_1              0x00000141   Thumb Code     0  libinit2.o(.ARM.Collect$$libinit$$00000015)
    __rt_lib_init_lc_numeric_1               0x00000141   Thumb Code     0  libinit2.o(.ARM.Collect$$libinit$$00000017)
    __rt_lib_init_lc_time_1                  0x00000141   Thumb Code     0  libinit2.o(.ARM.Collect$$libinit$$00000019)
    __rt_lib_init_preinit_1                  0x00000141   Thumb Code     0  libinit2.o(.ARM.Collect$$libinit$$00000004)
    __rt_lib_init_rand_1                     0x00000141   Thumb Code     0  libinit2.o(.ARM.Collect$$libinit$$0000000E)
    __rt_lib_init_return                     0x00000141   Thumb Code     0  libinit2.o(.ARM.Collect$$libinit$$00000033)
    __rt_lib_init_signal_1                   0x00000141   Thumb Code     0  libinit2.o(.ARM.Collect$$libinit$$0000001D)
    __rt_lib_init_stdio_1                    0x00000141   Thumb Code     0  libinit2.o(.ARM.Collect$$libinit$$00000025)
    __rt_lib_init_user_alloc_1               0x00000141   Thumb Code     0  libinit2.o(.ARM.Collect$$libinit$$0000000C)
    __rt_lib_shutdown                        0x00000143   Thumb Code     0  libshutdown.o(.ARM.Collect$$libshutdown$$00000000)
    __rt_lib_shutdown_cpp_1                  0x00000145   Thumb Code     0  libshutdown2.o(.ARM.Collect$$libshutdown$$00000004)
    __rt_lib_shutdown_fini_1                 0x00000145   Thumb Code     0  libshutdown2.o(.ARM.Collect$$libshutdown$$00000002)
    __rt_lib_shutdown_fp_trap_1              0x00000145   Thumb Code     0  libshutdown2.o(.ARM.Collect$$libshutdown$$00000009)
    __rt_lib_shutdown_heap_1                 0x00000145   Thumb Code     0  libshutdown2.o(.ARM.Collect$$libshutdown$$00000011)
    __rt_lib_shutdown_return                 0x00000145   Thumb Code     0  libshutdown2.o(.ARM.Collect$$libshutdown$$00000012)
    __rt_lib_shutdown_signal_1               0x00000145   Thumb Code     0  libshutdown2.o(.ARM.Collect$$libshutdown$$0000000C)
    __rt_lib_shutdown_stdio_1                0x00000145   Thumb Code     0  libshutdown2.o(.ARM.Collect$$libshutdown$$00000006)
    __rt_lib_shutdown_user_alloc_1           0x00000145   Thumb Code     0  libshutdown2.o(.ARM.Collect$$libshutdown$$0000000E)
    __rt_entry                               0x00000147   Thumb Code     0  __rtentry.o(.ARM.Collect$$rtentry$$00000000)
    __rt_entry_presh_1                       0x00000147   Thumb Code     0  __rtentry2.o(.ARM.Collect$$rtentry$$00000002)
    __rt_entry_sh                            0x00000147   Thumb Code     0  __rtentry4.o(.ARM.Collect$$rtentry$$00000004)
    __rt_entry_li                            0x0000014d   Thumb Code     0  __rtentry2.o(.ARM.Collect$$rtentry$$0000000A)
    __rt_entry_postsh_1                      0x0000014d   Thumb Code     0  __rtentry2.o(.ARM.Collect$$rtentry$$00000009)
    __rt_entry_main                          0x00000151   Thumb Code     0  __rtentry2.o(.ARM.Collect$$rtentry$$0000000D)
    __rt_entry_postli_1                      0x00000151   Thumb Code     0  __rtentry2.o(.ARM.Collect$$rtentry$$0000000C)
    __rt_exit                                0x00000159   Thumb Code     0  rtexit.o(.ARM.Collect$$rtexit$$00000000)
    __rt_exit_ls                             0x0000015b   Thumb Code     0  rtexit2.o(.ARM.Collect$$rtexit$$00000003)
    __rt_exit_prels_1                        0x0000015b   Thumb Code     0  rtexit2.o(.ARM.Collect$$rtexit$$00000002)
    __rt_exit_exit                           0x0000015f   Thumb Code     0  rtexit2.o(.ARM.Collect$$rtexit$$00000004)
    __asm___15_EventRecorder_c_e8d3082c__atomic_inc8 0x00000165   Thumb Code    18  eventrecorder.o(.emb_text)
    __asm___15_EventRecorder_c_e8d3082c__atomic_inc32 0x00000177   Thumb Code    18  eventrecorder.o(.emb_text)
    __asm___15_EventRecorder_c_e8d3082c__atomic_xch32 0x00000189   Thumb Code    16  eventrecorder.o(.emb_text)
    __asm___15_EventRecorder_c_e8d3082c__LockRecord 0x00000199   Thumb Code    34  eventrecorder.o(.emb_text)
    __asm___15_EventRecorder_c_e8d3082c__UnlockRecord 0x000001bb   Thumb Code    30  eventrecorder.o(.emb_text)
    SystemCoreClockUpdate                    0x000001d9   Thumb Code     8  system_arty_cm3.o(.text)
    SystemInit                               0x000001e1   Thumb Code     8  system_arty_cm3.o(.text)
    Reset_Handler                            0x000001f1   Thumb Code     8  startup_arty_cm3.o(.text)
    NMI_Handler                              0x000001f9   Thumb Code     2  startup_arty_cm3.o(.text)
    HardFault_Handler                        0x000001fb   Thumb Code     2  startup_arty_cm3.o(.text)
    MemManage_Handler                        0x000001fd   Thumb Code     2  startup_arty_cm3.o(.text)
    BusFault_Handler                         0x000001ff   Thumb Code     2  startup_arty_cm3.o(.text)
    UsageFault_Handler                       0x00000201   Thumb Code     2  startup_arty_cm3.o(.text)
    SVC_Handler                              0x00000203   Thumb Code     2  startup_arty_cm3.o(.text)
    DebugMon_Handler                         0x00000205   Thumb Code     2  startup_arty_cm3.o(.text)
    PendSV_Handler                           0x00000207   Thumb Code     2  startup_arty_cm3.o(.text)
    SysTick_Handler                          0x00000209   Thumb Code     2  startup_arty_cm3.o(.text)
    DAPLinkFittedn                           0x0000020b   Thumb Code     0  startup_arty_cm3.o(.text)
    DAP_QSPI0_Handler                        0x0000020b   Thumb Code     0  startup_arty_cm3.o(.text)
    DAP_QSPI_XIP_Handler                     0x0000020b   Thumb Code     0  startup_arty_cm3.o(.text)
    DAP_SPI0_Handler                         0x0000020b   Thumb Code     0  startup_arty_cm3.o(.text)
    GPIO1_Handler                            0x0000020b   Thumb Code     0  startup_arty_cm3.o(.text)
    QSPI0_Handler                            0x0000020b   Thumb Code     0  startup_arty_cm3.o(.text)
    UART0_Handler                            0x0000020b   Thumb Code     0  startup_arty_cm3.o(.text)
    Unused_IRQ10                             0x0000020b   Thumb Code     0  startup_arty_cm3.o(.text)
    Unused_IRQ11                             0x0000020b   Thumb Code     0  startup_arty_cm3.o(.text)
    Unused_IRQ12                             0x0000020b   Thumb Code     0  startup_arty_cm3.o(.text)
    Unused_IRQ13                             0x0000020b   Thumb Code     0  startup_arty_cm3.o(.text)
    Unused_IRQ14                             0x0000020b   Thumb Code     0  startup_arty_cm3.o(.text)
    Unused_IRQ15                             0x0000020b   Thumb Code     0  startup_arty_cm3.o(.text)
    Unused_IRQ16                             0x0000020b   Thumb Code     0  startup_arty_cm3.o(.text)
    Unused_IRQ17                             0x0000020b   Thumb Code     0  startup_arty_cm3.o(.text)
    Unused_IRQ18                             0x0000020b   Thumb Code     0  startup_arty_cm3.o(.text)
    Unused_IRQ19                             0x0000020b   Thumb Code     0  startup_arty_cm3.o(.text)
    Unused_IRQ20                             0x0000020b   Thumb Code     0  startup_arty_cm3.o(.text)
    Unused_IRQ21                             0x0000020b   Thumb Code     0  startup_arty_cm3.o(.text)
    Unused_IRQ22                             0x0000020b   Thumb Code     0  startup_arty_cm3.o(.text)
    Unused_IRQ23                             0x0000020b   Thumb Code     0  startup_arty_cm3.o(.text)
    Unused_IRQ24                             0x0000020b   Thumb Code     0  startup_arty_cm3.o(.text)
    Unused_IRQ25                             0x0000020b   Thumb Code     0  startup_arty_cm3.o(.text)
    Unused_IRQ26                             0x0000020b   Thumb Code     0  startup_arty_cm3.o(.text)
    Unused_IRQ27                             0x0000020b   Thumb Code     0  startup_arty_cm3.o(.text)
    Unused_IRQ28                             0x0000020b   Thumb Code     0  startup_arty_cm3.o(.text)
    Unused_IRQ29                             0x0000020b   Thumb Code     0  startup_arty_cm3.o(.text)
    Unused_IRQ30                             0x0000020b   Thumb Code     0  startup_arty_cm3.o(.text)
    Unused_IRQ31                             0x0000020b   Thumb Code     0  startup_arty_cm3.o(.text)
    Unused_IRQ8                              0x0000020b   Thumb Code     0  startup_arty_cm3.o(.text)
    Unused_IRQ9                              0x0000020b   Thumb Code     0  startup_arty_cm3.o(.text)
    __user_initial_stackheap                 0x0000020d   Thumb Code    10  startup_arty_cm3.o(.text)
    print                                    0x00000231   Thumb Code     2  print.o(.text)
    Xil_Assert                               0x00000235   Thumb Code    34  xil_assert.o(.text)
    Xil_AssertSetCallback                    0x00000257   Thumb Code     6  xil_assert.o(.text)
    XNullHandler                             0x0000025d   Thumb Code     2  xil_assert.o(.text)
    main                                     0x00000269   Thumb Code   694  main.o(.text)
    InitialiseGPIO                           0x000005e5   Thumb Code    56  gpio.o(.text)
    EnableGPIOInterrupts                     0x0000061d   Thumb Code    18  gpio.o(.text)
    GPIO0_Handler                            0x0000062f   Thumb Code    44  gpio.o(.text)
    button_pressed                           0x0000065b   Thumb Code     6  gpio.o(.text)
    reset_button                             0x00000661   Thumb Code     8  gpio.o(.text)
    SetLedValue                              0x00000669   Thumb Code    14  gpio.o(.text)
    XGpio_CfgInitialize                      0x00000685   Thumb Code    56  xgpio.o(.text)
    XGpio_SetDataDirection                   0x000006bd   Thumb Code   126  xgpio.o(.text)
    XGpio_GetDataDirection                   0x0000073b   Thumb Code   126  xgpio.o(.text)
    XGpio_DiscreteRead                       0x000007b9   Thumb Code   126  xgpio.o(.text)
    XGpio_DiscreteWrite                      0x00000837   Thumb Code   126  xgpio.o(.text)
    XGpio_InterruptGlobalEnable              0x000008c5   Thumb Code   110  xgpio_intr.o(.text)
    XGpio_InterruptGlobalDisable             0x00000933   Thumb Code   108  xgpio_intr.o(.text)
    XGpio_InterruptEnable                    0x0000099f   Thumb Code   124  xgpio_intr.o(.text)
    XGpio_InterruptDisable                   0x00000a1b   Thumb Code   124  xgpio_intr.o(.text)
    XGpio_InterruptClear                     0x00000a97   Thumb Code   124  xgpio_intr.o(.text)
    XGpio_InterruptGetEnabled                0x00000b13   Thumb Code   112  xgpio_intr.o(.text)
    XGpio_InterruptGetStatus                 0x00000b83   Thumb Code   116  xgpio_intr.o(.text)
    XGpio_LookupConfig                       0x00000c0d   Thumb Code    38  xgpio_sinit.o(.text)
    XGpio_Initialize                         0x00000c33   Thumb Code    64  xgpio_sinit.o(.text)
    AES_init_ctx_iv                          0x00000d53   Thumb Code    34  aes_128_cbc.o(.text)
    AES_CBC_encrypt_buffer                   0x000014ab   Thumb Code    56  aes_128_cbc.o(.text)
    AES_CBC_decrypt_buffer                   0x000014e3   Thumb Code   102  aes_128_cbc.o(.text)
    EventRecorderTimerGetCount               0x00001617   Thumb Code     6  eventrecorder.o(.text)
    EventRecorderTimerSetup                  0x000016bb   Thumb Code    28  eventrecorder.o(.text)
    EventRecorderTimerGetFreq                0x000016d7   Thumb Code     6  eventrecorder.o(.text)
    EventRecorderStart                       0x000016dd   Thumb Code    44  eventrecorder.o(.text)
    EventRecorderEnable                      0x00001709   Thumb Code    88  eventrecorder.o(.text)
    EventRecorderInitialize                  0x00001761   Thumb Code   300  eventrecorder.o(.text)
    EventRecorderDisable                     0x0000188d   Thumb Code    88  eventrecorder.o(.text)
    EventRecorderStop                        0x000018e5   Thumb Code    46  eventrecorder.o(.text)
    EventRecorderClockUpdate                 0x00001913   Thumb Code    78  eventrecorder.o(.text)
    EventRecordData                          0x00001961   Thumb Code   278  eventrecorder.o(.text)
    EventRecord2                             0x00001a77   Thumb Code    70  eventrecorder.o(.text)
    EventRecord4                             0x00001abd   Thumb Code   118  eventrecorder.o(.text)
    __2sprintf                               0x00001b41   Thumb Code    34  noretval__2sprintf.o(.text)
    __printf                                 0x00001b69   Thumb Code   104  __printf.o(.text)
    _printf_int_hex                          0x00001bd1   Thumb Code    84  _printf_hex_int.o(.text)
    _printf_longlong_hex                     0x00001bd1   Thumb Code     0  _printf_hex_int.o(.text)
    strcpy                                   0x00001c29   Thumb Code    72  strcpy.o(.text)
    __aeabi_memcpy                           0x00001c71   Thumb Code     0  rt_memcpy_v6.o(.text)
    __rt_memcpy                              0x00001c71   Thumb Code   138  rt_memcpy_v6.o(.text)
    _memcpy_lastbytes                        0x00001cd7   Thumb Code     0  rt_memcpy_v6.o(.text)
    __aeabi_memcpy4                          0x00001cfb   Thumb Code     0  rt_memcpy_w.o(.text)
    __aeabi_memcpy8                          0x00001cfb   Thumb Code     0  rt_memcpy_w.o(.text)
    __rt_memcpy_w                            0x00001cfb   Thumb Code   100  rt_memcpy_w.o(.text)
    _memcpy_lastbytes_aligned                0x00001d43   Thumb Code     0  rt_memcpy_w.o(.text)
    __aeabi_memclr4                          0x00001d5f   Thumb Code     0  rt_memclr_w.o(.text)
    __aeabi_memclr8                          0x00001d5f   Thumb Code     0  rt_memclr_w.o(.text)
    __rt_memclr_w                            0x00001d5f   Thumb Code    78  rt_memclr_w.o(.text)
    _memset_w                                0x00001d63   Thumb Code     0  rt_memclr_w.o(.text)
    __use_two_region_memory                  0x00001dad   Thumb Code     2  heapauxi.o(.text)
    __rt_heap_escrow$2region                 0x00001daf   Thumb Code     2  heapauxi.o(.text)
    __rt_heap_expand$2region                 0x00001db1   Thumb Code     2  heapauxi.o(.text)
    _printf_int_common                       0x00001db3   Thumb Code   178  _printf_intcommon.o(.text)
    _printf_char_common                      0x00001e6f   Thumb Code    32  _printf_char_common.o(.text)
    _sputc                                   0x00001e95   Thumb Code    10  _sputc.o(.text)
    __user_setup_stackheap                   0x00001e9f   Thumb Code    74  sys_stackheap_outer.o(.text)
    exit                                     0x00001ee9   Thumb Code    18  exit.o(.text)
    __user_libspace                          0x00001efd   Thumb Code     8  libspace.o(.text)
    __user_perproc_libspace                  0x00001efd   Thumb Code     0  libspace.o(.text)
    __user_perthread_libspace                0x00001efd   Thumb Code     0  libspace.o(.text)
    _sys_exit                                0x00001f05   Thumb Code     8  sys_exit.o(.text)
    __I$use$semihosting                      0x00001f11   Thumb Code     0  use_no_semi.o(.text)
    __use_no_semihosting_swi                 0x00001f11   Thumb Code     2  use_no_semi.o(.text)
    __semihosting_library_function           0x00001f13   Thumb Code     0  indicate_semi.o(.text)
    EventRecorderInfo                        0x00002120   Data          24  eventrecorder.o(.constdata)
    Region$$Table$$Base                      0x00002250   Number         0  anon$$obj.o(Region$$Table)
    Region$$Table$$Limit                     0x00002270   Number         0  anon$$obj.o(Region$$Table)
    SystemCoreClock                          0x20000000   Data           4  system_arty_cm3.o(.data)
    Xil_AssertStatus                         0x20000004   Data           4  xil_assert.o(.data)
    Xil_AssertWait                           0x20000008   Data           4  xil_assert.o(.data)
    button                                   0x20000010   Data           4  gpio.o(.data)
    XGpio_ConfigTable                        0x20000014   Data          16  xgpio_g.o(.data)
    __libspace_start                         0x20000034   Data          96  libspace.o(.bss)
    __temporary_stack_top$libspace           0x20000094   Data           0  libspace.o(.bss)



==============================================================================

Memory Map of the image

  Image Entry point : 0x000001f1

  Load Region LR_IROM1 (Base: 0x00000000, Size: 0x00002294, Max: 0x00008000, ABSOLUTE)

    Execution Region ER_IROM1 (Exec base: 0x00000000, Load base: 0x00000000, Size: 0x00002270, Max: 0x00008000, ABSOLUTE)

    Exec Addr    Load Addr    Size         Type   Attr      Idx    E Section Name        Object

    0x00000000   0x00000000   0x000000c0   Data   RO           49    RESET               startup_arty_cm3.o
    0x000000c0   0x000000c0   0x00000008   Code   RO          528  * !!!main             c_w.l(__main.o)
    0x000000c8   0x000000c8   0x00000034   Code   RO          696    !!!scatter          c_w.l(__scatter.o)
    0x000000fc   0x000000fc   0x0000001a   Code   RO          698    !!handler_copy      c_w.l(__scatter_copy.o)
    0x00000116   0x00000116   0x00000002   PAD
    0x00000118   0x00000118   0x0000001c   Code   RO          700    !!handler_zi        c_w.l(__scatter_zi.o)
    0x00000134   0x00000134   0x00000000   Code   RO          515    .ARM.Collect$$_printf_percent$$00000000  c_w.l(_printf_percent.o)
    0x00000134   0x00000134   0x00000006   Code   RO          514    .ARM.Collect$$_printf_percent$$0000000C  c_w.l(_printf_x.o)
    0x0000013a   0x0000013a   0x00000004   Code   RO          537    .ARM.Collect$$_printf_percent$$00000017  c_w.l(_printf_percent_end.o)
    0x0000013e   0x0000013e   0x00000002   Code   RO          564    .ARM.Collect$$libinit$$00000000  c_w.l(libinit.o)
    0x00000140   0x00000140   0x00000000   Code   RO          571    .ARM.Collect$$libinit$$00000002  c_w.l(libinit2.o)
    0x00000140   0x00000140   0x00000000   Code   RO          573    .ARM.Collect$$libinit$$00000004  c_w.l(libinit2.o)
    0x00000140   0x00000140   0x00000000   Code   RO          576    .ARM.Collect$$libinit$$0000000A  c_w.l(libinit2.o)
    0x00000140   0x00000140   0x00000000   Code   RO          578    .ARM.Collect$$libinit$$0000000C  c_w.l(libinit2.o)
    0x00000140   0x00000140   0x00000000   Code   RO          580    .ARM.Collect$$libinit$$0000000E  c_w.l(libinit2.o)
    0x00000140   0x00000140   0x00000000   Code   RO          583    .ARM.Collect$$libinit$$00000011  c_w.l(libinit2.o)
    0x00000140   0x00000140   0x00000000   Code   RO          585    .ARM.Collect$$libinit$$00000013  c_w.l(libinit2.o)
    0x00000140   0x00000140   0x00000000   Code   RO          587    .ARM.Collect$$libinit$$00000015  c_w.l(libinit2.o)
    0x00000140   0x00000140   0x00000000   Code   RO          589    .ARM.Collect$$libinit$$00000017  c_w.l(libinit2.o)
    0x00000140   0x00000140   0x00000000   Code   RO          591    .ARM.Collect$$libinit$$00000019  c_w.l(libinit2.o)
    0x00000140   0x00000140   0x00000000   Code   RO          593    .ARM.Collect$$libinit$$0000001B  c_w.l(libinit2.o)
    0x00000140   0x00000140   0x00000000   Code   RO          595    .ARM.Collect$$libinit$$0000001D  c_w.l(libinit2.o)
    0x00000140   0x00000140   0x00000000   Code   RO          597    .ARM.Collect$$libinit$$0000001F  c_w.l(libinit2.o)
    0x00000140   0x00000140   0x00000000   Code   RO          599    .ARM.Collect$$libinit$$00000021  c_w.l(libinit2.o)
    0x00000140   0x00000140   0x00000000   Code   RO          601    .ARM.Collect$$libinit$$00000023  c_w.l(libinit2.o)
    0x00000140   0x00000140   0x00000000   Code   RO          603    .ARM.Collect$$libinit$$00000025  c_w.l(libinit2.o)
    0x00000140   0x00000140   0x00000000   Code   RO          607    .ARM.Collect$$libinit$$0000002C  c_w.l(libinit2.o)
    0x00000140   0x00000140   0x00000000   Code   RO          609    .ARM.Collect$$libinit$$0000002E  c_w.l(libinit2.o)
    0x00000140   0x00000140   0x00000000   Code   RO          611    .ARM.Collect$$libinit$$00000030  c_w.l(libinit2.o)
    0x00000140   0x00000140   0x00000000   Code   RO          613    .ARM.Collect$$libinit$$00000032  c_w.l(libinit2.o)
    0x00000140   0x00000140   0x00000002   Code   RO          614    .ARM.Collect$$libinit$$00000033  c_w.l(libinit2.o)
    0x00000142   0x00000142   0x00000002   Code   RO          634    .ARM.Collect$$libshutdown$$00000000  c_w.l(libshutdown.o)
    0x00000144   0x00000144   0x00000000   Code   RO          647    .ARM.Collect$$libshutdown$$00000002  c_w.l(libshutdown2.o)
    0x00000144   0x00000144   0x00000000   Code   RO          649    .ARM.Collect$$libshutdown$$00000004  c_w.l(libshutdown2.o)
    0x00000144   0x00000144   0x00000000   Code   RO          651    .ARM.Collect$$libshutdown$$00000006  c_w.l(libshutdown2.o)
    0x00000144   0x00000144   0x00000000   Code   RO          654    .ARM.Collect$$libshutdown$$00000009  c_w.l(libshutdown2.o)
    0x00000144   0x00000144   0x00000000   Code   RO          657    .ARM.Collect$$libshutdown$$0000000C  c_w.l(libshutdown2.o)
    0x00000144   0x00000144   0x00000000   Code   RO          659    .ARM.Collect$$libshutdown$$0000000E  c_w.l(libshutdown2.o)
    0x00000144   0x00000144   0x00000000   Code   RO          662    .ARM.Collect$$libshutdown$$00000011  c_w.l(libshutdown2.o)
    0x00000144   0x00000144   0x00000002   Code   RO          663    .ARM.Collect$$libshutdown$$00000012  c_w.l(libshutdown2.o)
    0x00000146   0x00000146   0x00000000   Code   RO          530    .ARM.Collect$$rtentry$$00000000  c_w.l(__rtentry.o)
    0x00000146   0x00000146   0x00000000   Code   RO          539    .ARM.Collect$$rtentry$$00000002  c_w.l(__rtentry2.o)
    0x00000146   0x00000146   0x00000006   Code   RO          551    .ARM.Collect$$rtentry$$00000004  c_w.l(__rtentry4.o)
    0x0000014c   0x0000014c   0x00000000   Code   RO          541    .ARM.Collect$$rtentry$$00000009  c_w.l(__rtentry2.o)
    0x0000014c   0x0000014c   0x00000004   Code   RO          542    .ARM.Collect$$rtentry$$0000000A  c_w.l(__rtentry2.o)
    0x00000150   0x00000150   0x00000000   Code   RO          544    .ARM.Collect$$rtentry$$0000000C  c_w.l(__rtentry2.o)
    0x00000150   0x00000150   0x00000008   Code   RO          545    .ARM.Collect$$rtentry$$0000000D  c_w.l(__rtentry2.o)
    0x00000158   0x00000158   0x00000002   Code   RO          568    .ARM.Collect$$rtexit$$00000000  c_w.l(rtexit.o)
    0x0000015a   0x0000015a   0x00000000   Code   RO          616    .ARM.Collect$$rtexit$$00000002  c_w.l(rtexit2.o)
    0x0000015a   0x0000015a   0x00000004   Code   RO          617    .ARM.Collect$$rtexit$$00000003  c_w.l(rtexit2.o)
    0x0000015e   0x0000015e   0x00000006   Code   RO          618    .ARM.Collect$$rtexit$$00000004  c_w.l(rtexit2.o)
    0x00000164   0x00000164   0x00000074   Code   RO          390    .emb_text           eventrecorder.o
    0x000001d8   0x000001d8   0x00000018   Code   RO            3    .text               system_arty_cm3.o
    0x000001f0   0x000001f0   0x00000040   Code   RO           50  * .text               startup_arty_cm3.o
    0x00000230   0x00000230   0x00000002   Code   RO           69    .text               print.o
    0x00000232   0x00000232   0x00000002   PAD
    0x00000234   0x00000234   0x00000034   Code   RO          103    .text               xil_assert.o
    0x00000268   0x00000268   0x0000037c   Code   RO          129    .text               main.o
    0x000005e4   0x000005e4   0x000000a0   Code   RO          241    .text               gpio.o
    0x00000684   0x00000684   0x00000240   Code   RO          289    .text               xgpio.o
    0x000008c4   0x000008c4   0x00000348   Code   RO          337    .text               xgpio_intr.o
    0x00000c0c   0x00000c0c   0x00000074   Code   RO          363    .text               xgpio_sinit.o
    0x00000c80   0x00000c80   0x000008c8   Code   RO          376    .text               aes_128_cbc.o
    0x00001548   0x00001548   0x000005f8   Code   RO          391    .text               eventrecorder.o
    0x00001b40   0x00001b40   0x00000028   Code   RO          469    .text               c_w.l(noretval__2sprintf.o)
    0x00001b68   0x00001b68   0x00000068   Code   RO          471    .text               c_w.l(__printf.o)
    0x00001bd0   0x00001bd0   0x00000058   Code   RO          476    .text               c_w.l(_printf_hex_int.o)
    0x00001c28   0x00001c28   0x00000048   Code   RO          516    .text               c_w.l(strcpy.o)
    0x00001c70   0x00001c70   0x0000008a   Code   RO          518    .text               c_w.l(rt_memcpy_v6.o)
    0x00001cfa   0x00001cfa   0x00000064   Code   RO          520    .text               c_w.l(rt_memcpy_w.o)
    0x00001d5e   0x00001d5e   0x0000004e   Code   RO          522    .text               c_w.l(rt_memclr_w.o)
    0x00001dac   0x00001dac   0x00000006   Code   RO          526    .text               c_w.l(heapauxi.o)
    0x00001db2   0x00001db2   0x000000b2   Code   RO          531    .text               c_w.l(_printf_intcommon.o)
    0x00001e64   0x00001e64   0x00000030   Code   RO          533    .text               c_w.l(_printf_char_common.o)
    0x00001e94   0x00001e94   0x0000000a   Code   RO          535    .text               c_w.l(_sputc.o)
    0x00001e9e   0x00001e9e   0x0000004a   Code   RO          555    .text               c_w.l(sys_stackheap_outer.o)
    0x00001ee8   0x00001ee8   0x00000012   Code   RO          557    .text               c_w.l(exit.o)
    0x00001efa   0x00001efa   0x00000002   PAD
    0x00001efc   0x00001efc   0x00000008   Code   RO          565    .text               c_w.l(libspace.o)
    0x00001f04   0x00001f04   0x0000000c   Code   RO          626    .text               c_w.l(sys_exit.o)
    0x00001f10   0x00001f10   0x00000002   Code   RO          637    .text               c_w.l(use_no_semi.o)
    0x00001f12   0x00001f12   0x00000000   Code   RO          639    .text               c_w.l(indicate_semi.o)
    0x00001f12   0x00001f12   0x0000020b   Data   RO          130    .constdata          main.o
    0x0000211d   0x0000211d   0x00000003   PAD
    0x00002120   0x00002120   0x00000018   Data   RO          393    .constdata          eventrecorder.o
    0x00002138   0x00002138   0x00000028   Data   RO          477    .constdata          c_w.l(_printf_hex_int.o)
    0x00002160   0x00002160   0x0000004b   Data   RO          290    .conststring        xgpio.o
    0x000021ab   0x000021ab   0x00000001   PAD
    0x000021ac   0x000021ac   0x00000050   Data   RO          338    .conststring        xgpio_intr.o
    0x000021fc   0x000021fc   0x00000051   Data   RO          364    .conststring        xgpio_sinit.o
    0x0000224d   0x0000224d   0x00000003   PAD
    0x00002250   0x00002250   0x00000020   Data   RO          694    Region$$Table       anon$$obj.o


    Execution Region RW_IRAM1 (Exec base: 0x20000000, Load base: 0x00002270, Size: 0x00001568, Max: 0x00008000, ABSOLUTE)

    Exec Addr    Load Addr    Size         Type   Attr      Idx    E Section Name        Object

    0x20000000   0x00002270   0x00000004   Data   RW            4    .data               system_arty_cm3.o
    0x20000004   0x00002274   0x0000000c   Data   RW          104    .data               xil_assert.o
    0x20000010   0x00002280   0x00000004   Data   RW          243    .data               gpio.o
    0x20000014   0x00002284   0x00000010   Data   RW          328    .data               xgpio_g.o
    0x20000024        -       0x00000010   Zero   RW          242    .bss                gpio.o
    0x20000034        -       0x00000060   Zero   RW          566    .bss                c_w.l(libspace.o)
    0x20000094   0x00002294   0x0000002c   PAD
    0x200000c0        -       0x000004a4   Zero   RW          392    .bss.noinit         eventrecorder.o
    0x20000564   0x00002294   0x00000004   PAD
    0x20000568        -       0x00000c00   Zero   RW           48    HEAP                startup_arty_cm3.o
    0x20001168        -       0x00000400   Zero   RW           47    STACK               startup_arty_cm3.o


==============================================================================

Image component sizes


      Code (inc. data)   RO Data    RW Data    ZI Data      Debug   Object Name

      2248          0          0          0          0       5696   aes_128_cbc.o
      1644         42         24          0       1188      12688   eventrecorder.o
       160         14          0          4         16      25976   gpio.o
       892        198        523          0          0      27310   main.o
         2          0          0          0          0       3204   print.o
        64         26        192          0       4096        928   startup_arty_cm3.o
        24          8          0          4          0       6637   system_arty_cm3.o
       576         10         75          0          0       5303   xgpio.o
         0          0          0         16          0        884   xgpio_g.o
       840         10         80          0          0       3400   xgpio_intr.o
       116         14         81          0          0       1666   xgpio_sinit.o
        52         10          0         12          0       4926   xil_assert.o

    ----------------------------------------------------------------------
      6620        332       1014         36       5304      98618   Object Totals
         0          0         32          0          0          0   (incl. Generated)
         2          0          7          0          4          0   (incl. Padding)

    ----------------------------------------------------------------------

      Code (inc. data)   RO Data    RW Data    ZI Data      Debug   Library Member Name

         8          0          0          0          0         68   __main.o
       104          0          0          0          0         84   __printf.o
         0          0          0          0          0          0   __rtentry.o
        12          0          0          0          0          0   __rtentry2.o
         6          0          0          0          0          0   __rtentry4.o
        52          8          0          0          0          0   __scatter.o
        26          0          0          0          0          0   __scatter_copy.o
        28          0          0          0          0          0   __scatter_zi.o
        48          6          0          0          0         96   _printf_char_common.o
        88          4         40          0          0         88   _printf_hex_int.o
       178          0          0          0          0         88   _printf_intcommon.o
         0          0          0          0          0          0   _printf_percent.o
         4          0          0          0          0          0   _printf_percent_end.o
         6          0          0          0          0          0   _printf_x.o
        10          0          0          0          0         68   _sputc.o
        18          0          0          0          0         80   exit.o
         6          0          0          0          0        152   heapauxi.o
         0          0          0          0          0          0   indicate_semi.o
         2          0          0          0          0          0   libinit.o
         2          0          0          0          0          0   libinit2.o
         2          0          0          0          0          0   libshutdown.o
         2          0          0          0          0          0   libshutdown2.o
         8          4          0          0         96         68   libspace.o
        40          6          0          0          0         84   noretval__2sprintf.o
        78          0          0          0          0         80   rt_memclr_w.o
       138          0          0          0          0         68   rt_memcpy_v6.o
       100          0          0          0          0         80   rt_memcpy_w.o
         2          0          0          0          0          0   rtexit.o
        10          0          0          0          0          0   rtexit2.o
        72          0          0          0          0         80   strcpy.o
        12          4          0          0          0         68   sys_exit.o
        74          0          0          0          0         80   sys_stackheap_outer.o
         2          0          0          0          0         68   use_no_semi.o

    ----------------------------------------------------------------------
      1142         32         40          0        140       1400   Library Totals
         4          0          0          0         44          0   (incl. Padding)

    ----------------------------------------------------------------------

      Code (inc. data)   RO Data    RW Data    ZI Data      Debug   Library Name

      1138         32         40          0         96       1400   c_w.l

    ----------------------------------------------------------------------
      1142         32         40          0        140       1400   Library Totals

    ----------------------------------------------------------------------

==============================================================================


      Code (inc. data)   RO Data    RW Data    ZI Data      Debug   

      7762        364       1054         36       5444      98714   Grand Totals
      7762        364       1054         36       5444      98714   ELF Image Totals
      7762        364       1054         36          0          0   ROM Totals

==============================================================================

    Total RO  Size (Code + RO Data)                 8816 (   8.61kB)
    Total RW  Size (RW Data + ZI Data)              5480 (   5.35kB)
    Total ROM Size (Code + RO Data + RW Data)       8852 (   8.64kB)

==============================================================================

